yt: Python 3.13.15 in /home/perzi/wt-t58/pylauncher
[1m============================= test session starts ==============================[0m
platform linux -- Python 3.13.15, pytest-9.1.1, pluggy-1.6.0
rootdir: /home/perzi/wt-t58/pylauncher
configfile: pyproject.toml
[1mcollecting ... [0m[1mcollected 138 items / 136 deselected / 2 selected                              [0m

tests/test_apply.py [31mF[0m[32m.[0m[31m                                                   [100%][0m

=================================== FAILURES ===================================
[31m[1m_____________ test_a_module_installs_on_a_machine_with_no_host_git _____________[0m

tmp_path = PosixPath('/tmp/pytest-of-perzi/pytest-963/test_a_module_installs_on_a_ma0')
monkeypatch = <_pytest.monkeypatch.MonkeyPatch object at 0x7f5696c8b5c0>

    [0m[94mdef[39;49;00m[90m [39;49;00m[92mtest_a_module_installs_on_a_machine_with_no_host_git[39;49;00m(tmp_path: Path, monkeypatch) -> [94mNone[39;49;00m:[90m[39;49;00m
    [90m    [39;49;00m[33m"""The server install never needed host git, so the module install must not (T58).[39;49;00m
    [33m[39;49;00m
    [33m    Two users reported the same thing on 0.8.67-fixtest: a working server --[39;49;00m
    [33m    realm online, 500 bots -- and not one module installable.[39;49;00m
    [33m[39;49;00m
    [33m        install mod-aoe-loot FAILED: [WinError 2] The system cannot find the file specified[39;49;00m
    [33m[39;49;00m
    [33m    `WinError 2` from `subprocess` is the EXECUTABLE not being found. It is git.[39;49;00m
    [33m    The server clones through `ContainerGit` (git inside a container), so Docker[39;49;00m
    [33m    alone is enough to get a server running and a user never learns whether they[39;49;00m
    [33m    have git. `Applier` then defaulted to `RunnerGit()` -- host git -- so the[39;49;00m
    [33m    Modules tab required a tool the rest of the app had carefully not needed.[39;49;00m
    [33m[39;49;00m
    [33m    `git_available()` already existed for exactly this question, and is careful[39;49;00m
    [33m    in a way `shutil.which` is not: on a Mac with no Command Line Tools,[39;49;00m
    [33m    `/usr/bin/git` exists as a stub that opens a modal installer and blocks.[39;49;00m
    [33m    """[39;49;00m[90m[39;49;00m
        seen: [96mlist[39;49;00m[[96mstr[39;49;00m] = [][90m[39;49;00m
    [90m[39;49;00m
        [94mclass[39;49;00m[90m [39;49;00m[04m[92m_ContainerStandIn[39;49;00m:[90m[39;49;00m
    [90m        [39;49;00m[33m"""Stands in for ContainerGit: proves WHICH seam was chosen, nothing more."""[39;49;00m[90m[39;49;00m
    [90m[39;49;00m
            [94mdef[39;49;00m[90m [39;49;00m[92mclone[39;49;00m([96mself[39;49;00m, spec: [96mobject[39;49;00m) -> [94mNone[39;49;00m:[90m[39;49;00m
                seen.append([33m"[39;49;00m[33mcontainer[39;49;00m[33m"[39;49;00m)[90m[39;49;00m
                dest = spec.dest  [90m# type: ignore[attr-defined][39;49;00m[90m[39;49;00m
                dest.mkdir(parents=[94mTrue[39;49;00m, exist_ok=[94mTrue[39;49;00m)[90m[39;49;00m
                (dest / [33m"[39;49;00m[33mREADME.md[39;49;00m[33m"[39;49;00m).write_text([33m"[39;49;00m[33mfrom the container[39;49;00m[33m\n[39;49;00m[33m"[39;49;00m, encoding=[33m"[39;49;00m[33mutf-8[39;49;00m[33m"[39;49;00m)[90m[39;49;00m
    [90m[39;49;00m
        monkeypatch.setattr(apply_module, [33m"[39;49;00m[33mgit_available[39;49;00m[33m"[39;49;00m, [94mlambda[39;49;00m: [94mFalse[39;49;00m)[90m[39;49;00m
        monkeypatch.setattr(apply_module, [33m"[39;49;00m[33mContainerGit[39;49;00m[33m"[39;49;00m, _ContainerStandIn)[90m[39;49;00m
    [90m[39;49;00m
        applier = Applier(tmp_path, remote_url=_Origins(OWNED_URL))[90m[39;49;00m
        report = applier.install(parse_manifest(OWNED_ITEM))[90m[39;49;00m
    [90m[39;49;00m
>       [94massert[39;49;00m seen == [[33m"[39;49;00m[33mcontainer[39;49;00m[33m"[39;49;00m], [33m"[39;49;00m[33mhost git was used on a machine that has none[39;49;00m[33m"[39;49;00m[90m[39;49;00m
[1m[31mE       AssertionError: host git was used on a machine that has none[0m
[1m[31mE       assert [] == ['container'][0m
[1m[31mE         [0m
[1m[31mE         Right contains one more item: [0m[33m'[39;49;00m[33mcontainer[39;49;00m[33m'[39;49;00m[90m[39;49;00m[0m
[1m[31mE         Use -v to get more diff[0m

[1m[31mtests/test_apply.py[0m:3726: AssertionError
----------------------------- Captured stderr call -----------------------------
2026-09-14 00:18:41 INFO [yulon.apply] install mod-ah-bot: 1 step(s), 0 skipped, 0 left unapplied, rebuild=False
------------------------------ Captured log call -------------------------------
[32mINFO    [0m yulon.apply:apply.py:2302 install mod-ah-bot: 1 step(s), 0 skipped, 0 left unapplied, rebuild=False
[36m[1m=========================== short test summary info ============================[0m
[31mFAILED[0m tests/test_apply.py::[1mtest_a_module_installs_on_a_machine_with_no_host_git[0m - AssertionError: host git was used on a machine that has none
[31m================= [31m[1m1 failed[0m, [32m1 passed[0m, [33m136 deselected[0m[31m in 2.40s[0m[31m ==================[0m
