yt: Python 3.13.15 in /home/perzi/wt-t58/pylauncher
[1m============================= test session starts ==============================[0m
platform linux -- Python 3.13.15, pytest-9.1.1, pluggy-1.6.0
rootdir: /home/perzi/wt-t58/pylauncher
configfile: pyproject.toml
[1mcollecting ... [0m[1mcollected 138 items / 136 deselected / 2 selected                              [0m

tests/test_apply.py [32m.[0m[31mF[0m[31m                                                   [100%][0m

=================================== FAILURES ===================================
[31m[1m_____________ test_a_git_that_cannot_be_started_is_reported_as_git _____________[0m

tmp_path = PosixPath('/tmp/pytest-of-perzi/pytest-964/test_a_git_that_cannot_be_star0')

    [0m[94mdef[39;49;00m[90m [39;49;00m[92mtest_a_git_that_cannot_be_started_is_reported_as_git[39;49;00m(tmp_path: Path) -> [94mNone[39;49;00m:[90m[39;49;00m
    [90m    [39;49;00m[33m"""`[WinError 2]` is not a message; it names neither git nor a remedy (T58).[39;49;00m
    [33m[39;49;00m
    [33m    `install()` catches `GitError` -- "one failure vocabulary for the whole[39;49;00m
    [33m    applier" -- and a missing executable raises `FileNotFoundError`, which is[39;49;00m
    [33m    not one. It escaped raw, so two users were shown a Windows error code about[39;49;00m
    [33m    an unnamed file and had no way to know the missing thing was git.[39;49;00m
    [33m    """[39;49;00m[90m[39;49;00m
    [90m[39;49;00m
        [94mclass[39;49;00m[90m [39;49;00m[04m[92m_NoGitAtAll[39;49;00m:[90m[39;49;00m
            [94mdef[39;49;00m[90m [39;49;00m[92mclone[39;49;00m([96mself[39;49;00m, spec: [96mobject[39;49;00m) -> [94mNone[39;49;00m:[90m[39;49;00m
                [94mraise[39;49;00m [96mFileNotFoundError[39;49;00m([94m2[39;49;00m, [33m"[39;49;00m[33mThe system cannot find the file specified[39;49;00m[33m"[39;49;00m)[90m[39;49;00m
    [90m[39;49;00m
        applier = Applier(tmp_path, git=_NoGitAtAll(), remote_url=_Origins(OWNED_URL))[90m[39;49;00m
        [94mwith[39;49;00m pytest.raises(ApplyError) [94mas[39;49;00m caught:[90m[39;49;00m
>           applier.install(parse_manifest(OWNED_ITEM))[90m[39;49;00m

[1m[31mtests/test_apply.py[0m:3746: 
_ _ _ _ _ _ _ _ _ _ _ _ _ _ _ _ _ _ _ _ _ _ _ _ _ _ _ _ _ _ _ _ _ _ _ _ _ _ _ _ 
[1m[31myulon/apply.py[0m:1239: in install
    [0m[96mself[39;49;00m.git.clone([90m[39;49;00m
_ _ _ _ _ _ _ _ _ _ _ _ _ _ _ _ _ _ _ _ _ _ _ _ _ _ _ _ _ _ _ _ _ _ _ _ _ _ _ _ 

self = <tests.test_apply.test_a_git_that_cannot_be_started_is_reported_as_git.<locals>._NoGitAtAll object at 0x788e864b38c0>
spec = CloneSpec(url='https://github.com/azerothcore/mod-ah-bot.git', dest=PosixPath('/tmp/pytest-of-perzi/pytest-964/test_a_git_that_cannot_be_star0/modules/mod-ah-bot'), branch=None, sparse_path=None, depth=1, rev=None)

    [0m[94mdef[39;49;00m[90m [39;49;00m[92mclone[39;49;00m([96mself[39;49;00m, spec: [96mobject[39;49;00m) -> [94mNone[39;49;00m:[90m[39;49;00m
>       [94mraise[39;49;00m [96mFileNotFoundError[39;49;00m([94m2[39;49;00m, [33m"[39;49;00m[33mThe system cannot find the file specified[39;49;00m[33m"[39;49;00m)[90m[39;49;00m
[1m[31mE       FileNotFoundError: [Errno 2] The system cannot find the file specified[0m

[1m[31mtests/test_apply.py[0m:3742: FileNotFoundError
[36m[1m=========================== short test summary info ============================[0m
[31mFAILED[0m tests/test_apply.py::[1mtest_a_git_that_cannot_be_started_is_reported_as_git[0m - FileNotFoundError: [Errno 2] The system cannot find the file specified
[31m================= [31m[1m1 failed[0m, [32m1 passed[0m, [33m136 deselected[0m[31m in 0.34s[0m[31m ==================[0m
