5376:SQL ERROR: Lost connection to MySQL server during query
5378:SQL ERROR: Lost connection to MySQL server during query
5380:SQL ERROR: Lost connection to MySQL server during query
5382:SQL ERROR: Lost connection to MySQL server during query
5384:SQL ERROR: Lost connection to MySQL server during query
5386:SQL ERROR: Lost connection to MySQL server during query
5388:SQL ERROR: Lost connection to MySQL server during query
5412:Could not connect to MySQL database at tbc-db: Can't connect to MySQL server on 'tbc-db:3306' (111)
5414:Cannot connect to world database tbc-db;3306;mangos;tbc-faf2e5c45f363783;mangos
5434:Could not connect to MySQL database at tbc-db: Can't connect to MySQL server on 'tbc-db:3306' (111)
5436:Cannot connect to world database tbc-db;3306;mangos;tbc-faf2e5c45f363783;mangos
5456:Could not connect to MySQL database at tbc-db: Can't connect to MySQL server on 'tbc-db:3306' (111)
5458:Cannot connect to world database tbc-db;3306;mangos;tbc-faf2e5c45f363783;mangos
5478:Could not connect to MySQL database at tbc-db: Can't connect to MySQL server on 'tbc-db:3306' (111)
--- context ---

Cannot connect to world database tbc-db;3306;mangos;tbc-faf2e5c45f363783;mangos
[CMaNGOS TBC World server v0.18] id(1) port(8085)
--

Cannot connect to world database tbc-db;3306;mangos;tbc-faf2e5c45f363783;mangos
[CMaNGOS TBC World server v0.18] id(1) port(8085)
--

Cannot connect to world database tbc-db;3306;mangos;tbc-faf2e5c45f363783;mangos
[CMaNGOS TBC World server v0.18] id(1) port(8085)
--
