yt: Python 3.13.15 in /home/perzi/wt-t52/pylauncher
[1m============================= test session starts ==============================[0m
platform linux -- Python 3.13.15, pytest-9.1.1, pluggy-1.6.0
rootdir: /home/perzi/wt-t52/pylauncher
configfile: pyproject.toml
[1mcollecting ... [0m[1mcollected 139 items / 136 deselected / 3 selected                              [0m

tests/test_apply.py [31mF[0m[31mF[0m[31mF[0m[31m                                                  [100%][0m

=================================== FAILURES ===================================
[31m[1m______ test_install_refuses_a_module_that_conflicts_with_one_already_here ______[0m

tmp_path = PosixPath('/tmp/pytest-of-perzi/pytest-900/test_install_refuses_a_module_0')

    [0m[94mdef[39;49;00m[90m [39;49;00m[92mtest_install_refuses_a_module_that_conflicts_with_one_already_here[39;49;00m(tmp_path: Path) -> [94mNone[39;49;00m:[90m[39;49;00m
    [90m    [39;49;00m[33m"""`conflicts_with` is enforced, not merely parsed (T53).[39;49;00m
    [33m[39;49;00m
    [33m    The catalog has recorded for a long time that `mod-ah-bot` and[39;49;00m
    [33m    `mod-ah-bot-plus` are alternatives -- each names the other in[39;49;00m
    [33m    `conflicts_with`, the schema parses it, and `test_manifest.py` asserts it[39;49;00m
    [33m    round-trips. Nothing ever read it at install time. So Yu'lon installed both,[39;49;00m
    [33m    and the user found out 21 minutes later when the LINKER stopped:[39;49;00m
    [33m[39;49;00m
    [33m        mod-ah-bot-plus/src/ah_bot_loader.cpp:18: multiple definition of[39;49;00m
    [33m        `Addmod_ah_botScripts()'; mod-ah-bot/src/ah_bot_loader.cpp:12: first[39;49;00m
    [33m        defined here[39;49;00m
    [33m[39;49;00m
    [33m    A declaration nothing acts on is the shape this repository has paid for[39;49;00m
    [33m    before. The refusal is raised BEFORE anything is written, next to the "one[39;49;00m
    [33m    source, not two" check, so a refused install leaves the tree exactly as it[39;49;00m
    [33m    was.[39;49;00m
    [33m    """[39;49;00m[90m[39;49;00m
        git = _FakeGit({[33m"[39;49;00m[33mREADME.md[39;49;00m[33m"[39;49;00m: [33m"[39;49;00m[33mupstream[39;49;00m[33m\n[39;49;00m[33m"[39;49;00m})[90m[39;49;00m
        applier = Applier(tmp_path, git=git, remote_url=_Origins(OWNED_URL))[90m[39;49;00m
    [90m[39;49;00m
        first = parse_manifest([90m[39;49;00m
            {**OWNED_ITEM, [33m"[39;49;00m[33mid[39;49;00m[33m"[39;49;00m: [33m"[39;49;00m[33mmod-ah-bot[39;49;00m[33m"[39;49;00m, [33m"[39;49;00m[33mconflicts_with[39;49;00m[33m"[39;49;00m: [[33m"[39;49;00m[33mmod-ah-bot-plus[39;49;00m[33m"[39;49;00m]}[90m[39;49;00m
        )[90m[39;49;00m
        second = parse_manifest([90m[39;49;00m
            {**OWNED_ITEM, [33m"[39;49;00m[33mid[39;49;00m[33m"[39;49;00m: [33m"[39;49;00m[33mmod-ah-bot-plus[39;49;00m[33m"[39;49;00m, [33m"[39;49;00m[33mconflicts_with[39;49;00m[33m"[39;49;00m: [[33m"[39;49;00m[33mmod-ah-bot[39;49;00m[33m"[39;49;00m]}[90m[39;49;00m
        )[90m[39;49;00m
    [90m[39;49;00m
>       applier.install(first)[90m[39;49;00m

[1m[31mtests/test_apply.py[0m:3719: 
_ _ _ _ _ _ _ _ _ _ _ _ _ _ _ _ _ _ _ _ _ _ _ _ _ _ _ _ _ _ _ _ _ _ _ _ _ _ _ _ 

self = <yulon.apply.Applier object at 0x7b58818e7230>
manifest = Manifest(schema_version=1, id='mod-ah-bot', name='AH Bot', type='module', game='wow-wotlk', description='', source=Sou...=('mod-ah-bot-plus',), sql=(), conf=(), deploy=(), patches=(), client=(), server_dbc=(), npcs=(), prompts=(), notes=())
values = None, folder = None, complete = None

    [0m[94mdef[39;49;00m[90m [39;49;00m[92minstall[39;49;00m([90m[39;49;00m
        [96mself[39;49;00m,[90m[39;49;00m
        manifest: Manifest,[90m[39;49;00m
        values: Mapping[[96mstr[39;49;00m, [96mstr[39;49;00m] | [94mNone[39;49;00m = [94mNone[39;49;00m,[90m[39;49;00m
        *,[90m[39;49;00m
        folder: FolderSource | [94mNone[39;49;00m = [94mNone[39;49;00m,[90m[39;49;00m
        complete: Completer | [94mNone[39;49;00m = [94mNone[39;49;00m,[90m[39;49;00m
    ) -> ApplyReport:[90m[39;49;00m
    [90m    [39;49;00m[33m"""Clone or copy, deploy, patch, run install-time SQL, activate conf, copy client/DBC.[39;49;00m
    [33m[39;49;00m
    [33m    `folder` is the second way to fill `modules/<id>`: the bytes come from a[39;49;00m
    [33m    directory on the user's own disk through `FolderSource.copier` instead[39;49;00m
    [33m    of from a repository through `Git.clone`. It is the ONLY thing that[39;49;00m
    [33m    changes — the claim, `include.sh` and every step after them are the[39;49;00m
    [33m    same statements, over whatever is now at the clone path. A manifest that[39;49;00m
    [33m    also carries a `source` is a caller contradiction and is refused before[39;49;00m
    [33m    either route runs.[39;49;00m
    [33m[39;49;00m
    [33m    `complete` finishes a DERIVED manifest from the content that has just[39;49;00m
    [33m    landed; see `Completer`. It runs after the clone or the copy, and[39;49;00m
    [33m    everything from `_deploy()` onwards reads what it returned.[39;49;00m
    [33m[39;49;00m
    [33m    `_check_values()` is NOT re-run against the completed manifest: it is[39;49;00m
    [33m    the caller's answers that are being checked, and the fields a completer[39;49;00m
    [33m    fills (conf files to activate, SQL to report) carry no prompts to[39;49;00m
    [33m    answer. Named here because it is the one step the completed manifest[39;49;00m
    [33m    does not reach.[39;49;00m
    [33m    """[39;49;00m[90m[39;49;00m
        vals = [96mself[39;49;00m._values(manifest, values)[90m[39;49;00m
        log = _Log()[90m[39;49;00m
        [96mself[39;49;00m._check_values(manifest, [33m"[39;49;00m[33minstall[39;49;00m[33m"[39;49;00m, vals, log)[90m[39;49;00m
        clash = [96mself[39;49;00m._conflict_refusal(manifest)[90m[39;49;00m
        [94mif[39;49;00m clash:[90m[39;49;00m
>           [94mraise[39;49;00m ApplyError(clash)[90m[39;49;00m
[1m[31mE           yulon.apply.ApplyError: mod-ah-bot and mod-ah-bot-plus cannot both be installed: they are alternatives to each other, and the catalog records the conflict. mod-ah-bot-plus is already here, at modules/mod-ah-bot-plus. Remove it first, or keep it and leave mod-ah-bot out. Nothing was changed.[0m

[1m[31myulon/apply.py[0m:1190: ApplyError
[31m[1m___ test_install_is_unaffected_when_the_conflicting_module_is_not_installed ____[0m

tmp_path = PosixPath('/tmp/pytest-of-perzi/pytest-900/test_install_is_unaffected_whe0')

    [0m[94mdef[39;49;00m[90m [39;49;00m[92mtest_install_is_unaffected_when_the_conflicting_module_is_not_installed[39;49;00m(tmp_path: Path) -> [94mNone[39;49;00m:[90m[39;49;00m
    [90m    [39;49;00m[33m"""The guard must not refuse the ordinary case, which is the easy mistake here.[39;49;00m
    [33m[39;49;00m
    [33m    Declaring a conflict says nothing about whether the other thing is present.[39;49;00m
    [33m    A catalog where four mods all name each other (buff/xbuff/nerf/baby-mobs)[39;49;00m
    [33m    would be uninstallable if the check read the declaration rather than the[39;49;00m
    [33m    disk.[39;49;00m
    [33m    """[39;49;00m[90m[39;49;00m
        git = _FakeGit({[33m"[39;49;00m[33mREADME.md[39;49;00m[33m"[39;49;00m: [33m"[39;49;00m[33mupstream[39;49;00m[33m\n[39;49;00m[33m"[39;49;00m})[90m[39;49;00m
        applier = Applier(tmp_path, git=git, remote_url=_Origins(OWNED_URL))[90m[39;49;00m
        lonely = parse_manifest([90m[39;49;00m
            {**OWNED_ITEM, [33m"[39;49;00m[33mid[39;49;00m[33m"[39;49;00m: [33m"[39;49;00m[33mmod-ah-bot-plus[39;49;00m[33m"[39;49;00m, [33m"[39;49;00m[33mconflicts_with[39;49;00m[33m"[39;49;00m: [[33m"[39;49;00m[33mmod-ah-bot[39;49;00m[33m"[39;49;00m]}[90m[39;49;00m
        )[90m[39;49;00m
>       report = applier.install(lonely)[90m[39;49;00m
                 ^^^^^^^^^^^^^^^^^^^^^^^[90m[39;49;00m

[1m[31mtests/test_apply.py[0m:3746: 
_ _ _ _ _ _ _ _ _ _ _ _ _ _ _ _ _ _ _ _ _ _ _ _ _ _ _ _ _ _ _ _ _ _ _ _ _ _ _ _ 

self = <yulon.apply.Applier object at 0x7b5881a83250>
manifest = Manifest(schema_version=1, id='mod-ah-bot-plus', name='AH Bot', type='module', game='wow-wotlk', description='', sourc..._with=('mod-ah-bot',), sql=(), conf=(), deploy=(), patches=(), client=(), server_dbc=(), npcs=(), prompts=(), notes=())
values = None, folder = None, complete = None

    [0m[94mdef[39;49;00m[90m [39;49;00m[92minstall[39;49;00m([90m[39;49;00m
        [96mself[39;49;00m,[90m[39;49;00m
        manifest: Manifest,[90m[39;49;00m
        values: Mapping[[96mstr[39;49;00m, [96mstr[39;49;00m] | [94mNone[39;49;00m = [94mNone[39;49;00m,[90m[39;49;00m
        *,[90m[39;49;00m
        folder: FolderSource | [94mNone[39;49;00m = [94mNone[39;49;00m,[90m[39;49;00m
        complete: Completer | [94mNone[39;49;00m = [94mNone[39;49;00m,[90m[39;49;00m
    ) -> ApplyReport:[90m[39;49;00m
    [90m    [39;49;00m[33m"""Clone or copy, deploy, patch, run install-time SQL, activate conf, copy client/DBC.[39;49;00m
    [33m[39;49;00m
    [33m    `folder` is the second way to fill `modules/<id>`: the bytes come from a[39;49;00m
    [33m    directory on the user's own disk through `FolderSource.copier` instead[39;49;00m
    [33m    of from a repository through `Git.clone`. It is the ONLY thing that[39;49;00m
    [33m    changes — the claim, `include.sh` and every step after them are the[39;49;00m
    [33m    same statements, over whatever is now at the clone path. A manifest that[39;49;00m
    [33m    also carries a `source` is a caller contradiction and is refused before[39;49;00m
    [33m    either route runs.[39;49;00m
    [33m[39;49;00m
    [33m    `complete` finishes a DERIVED manifest from the content that has just[39;49;00m
    [33m    landed; see `Completer`. It runs after the clone or the copy, and[39;49;00m
    [33m    everything from `_deploy()` onwards reads what it returned.[39;49;00m
    [33m[39;49;00m
    [33m    `_check_values()` is NOT re-run against the completed manifest: it is[39;49;00m
    [33m    the caller's answers that are being checked, and the fields a completer[39;49;00m
    [33m    fills (conf files to activate, SQL to report) carry no prompts to[39;49;00m
    [33m    answer. Named here because it is the one step the completed manifest[39;49;00m
    [33m    does not reach.[39;49;00m
    [33m    """[39;49;00m[90m[39;49;00m
        vals = [96mself[39;49;00m._values(manifest, values)[90m[39;49;00m
        log = _Log()[90m[39;49;00m
        [96mself[39;49;00m._check_values(manifest, [33m"[39;49;00m[33minstall[39;49;00m[33m"[39;49;00m, vals, log)[90m[39;49;00m
        clash = [96mself[39;49;00m._conflict_refusal(manifest)[90m[39;49;00m
        [94mif[39;49;00m clash:[90m[39;49;00m
>           [94mraise[39;49;00m ApplyError(clash)[90m[39;49;00m
[1m[31mE           yulon.apply.ApplyError: mod-ah-bot-plus and mod-ah-bot cannot both be installed: they are alternatives to each other, and the catalog records the conflict. mod-ah-bot is already here, at modules/mod-ah-bot. Remove it first, or keep it and leave mod-ah-bot-plus out. Nothing was changed.[0m

[1m[31myulon/apply.py[0m:1190: ApplyError
[31m[1m___________ test_a_conflict_is_found_in_another_familys_clone_folder ___________[0m

tmp_path = PosixPath('/tmp/pytest-of-perzi/pytest-900/test_a_conflict_is_found_in_an0')

    [0m[94mdef[39;49;00m[90m [39;49;00m[92mtest_a_conflict_is_found_in_another_familys_clone_folder[39;49;00m(tmp_path: Path) -> [94mNone[39;49;00m:[90m[39;49;00m
    [90m    [39;49;00m[33m"""The search is over every family's folder, not this manifest's own (T53).[39;49;00m
    [33m[39;49;00m
    [33m    Asserted because `_conflict_refusal()` says so in its docstring, and a[39;49;00m
    [33m    docstring is not a guard. Families live in different directories --[39;49;00m
    [33m    `CLONE_DIRS` maps module to `modules/`, ale and keg to `ale_scripts/`, mod[39;49;00m
    [33m    to `sql_scripts/clones/` -- so a check that looked only where the manifest[39;49;00m
    [33m    being installed would land is one line away, reads correctly, and silently[39;49;00m
    [33m    misses a conflict that reaches across families.[39;49;00m
    [33m    """[39;49;00m[90m[39;49;00m
        git = _FakeGit({[33m"[39;49;00m[33mREADME.md[39;49;00m[33m"[39;49;00m: [33m"[39;49;00m[33mupstream[39;49;00m[33m\n[39;49;00m[33m"[39;49;00m})[90m[39;49;00m
        applier = Applier(tmp_path, git=git, remote_url=_Origins(OWNED_URL))[90m[39;49;00m
        [90m# An ALE script is already on disk, in ale_scripts/ -- NOT in modules/.[39;49;00m[90m[39;49;00m
        (tmp_path / [33m"[39;49;00m[33male_scripts[39;49;00m[33m"[39;49;00m / [33m"[39;49;00m[33msome-ale-script[39;49;00m[33m"[39;49;00m / [33m"[39;49;00m[33m.git[39;49;00m[33m"[39;49;00m).mkdir(parents=[94mTrue[39;49;00m)[90m[39;49;00m
    [90m[39;49;00m
        module = parse_manifest([90m[39;49;00m
            {**OWNED_ITEM, [33m"[39;49;00m[33mid[39;49;00m[33m"[39;49;00m: [33m"[39;49;00m[33mmod-thing[39;49;00m[33m"[39;49;00m, [33m"[39;49;00m[33mconflicts_with[39;49;00m[33m"[39;49;00m: [[33m"[39;49;00m[33msome-ale-script[39;49;00m[33m"[39;49;00m]}[90m[39;49;00m
        )[90m[39;49;00m
        [94mwith[39;49;00m pytest.raises(ApplyError) [94mas[39;49;00m caught:[90m[39;49;00m
            applier.install(module)[90m[39;49;00m
        [94massert[39;49;00m [33m"[39;49;00m[33msome-ale-script[39;49;00m[33m"[39;49;00m [95min[39;49;00m [96mstr[39;49;00m(caught.value)[90m[39;49;00m
>       [94massert[39;49;00m [33m"[39;49;00m[33male_scripts[39;49;00m[33m"[39;49;00m [95min[39;49;00m [96mstr[39;49;00m(caught.value), [96mstr[39;49;00m(caught.value)[90m[39;49;00m
[1m[31mE       AssertionError: mod-thing and some-ale-script cannot both be installed: they are alternatives to each other, and the catalog records the conflict. some-ale-script is already here, at modules/some-ale-script. Remove it first, or keep it and leave mod-thing out. Nothing was changed.[0m
[1m[31mE       assert 'ale_scripts' in 'mod-thing and some-ale-script cannot both be installed: they are alternatives to each other, and the catalog records ...is already here, at modules/some-ale-script. Remove it first, or keep it and leave mod-thing out. Nothing was changed.'[0m
[1m[31mE        +  where 'mod-thing and some-ale-script cannot both be installed: they are alternatives to each other, and the catalog records ...is already here, at modules/some-ale-script. Remove it first, or keep it and leave mod-thing out. Nothing was changed.' = str(ApplyError('mod-thing and some-ale-script cannot both be installed: they are alternatives to each other, and the catal...s already here, at modules/some-ale-script. Remove it first, or keep it and leave mod-thing out. Nothing was changed.'))[0m
[1m[31mE        +    where ApplyError('mod-thing and some-ale-script cannot both be installed: they are alternatives to each other, and the catal...s already here, at modules/some-ale-script. Remove it first, or keep it and leave mod-thing out. Nothing was changed.') = <ExceptionInfo ApplyError('mod-thing and some-ale-script cannot both be installed: they are alternatives to each other... here, at modules/some-ale-script. Remove it first, or keep it and leave mod-thing out. Nothing was changed.') tblen=2>.value[0m

[1m[31mtests/test_apply.py[0m:3772: AssertionError
[36m[1m=========================== short test summary info ============================[0m
[31mFAILED[0m tests/test_apply.py::[1mtest_install_refuses_a_module_that_conflicts_with_one_already_here[0m - yulon.apply.ApplyError: mod-ah-bot and mod-ah-bot-plus cannot both be insta...
[31mFAILED[0m tests/test_apply.py::[1mtest_install_is_unaffected_when_the_conflicting_module_is_not_installed[0m - yulon.apply.ApplyError: mod-ah-bot-plus and mod-ah-bot cannot both be insta...
[31mFAILED[0m tests/test_apply.py::[1mtest_a_conflict_is_found_in_another_familys_clone_folder[0m - AssertionError: mod-thing and some-ale-script cannot both be installed: the...
[31m====================== [31m[1m3 failed[0m, [33m136 deselected[0m[31m in 0.39s[0m[31m =======================[0m
