yt: Python 3.13.15 in /home/perzi/wt-t52/pylauncher
[1m============================= test session starts ==============================[0m
platform linux -- Python 3.13.15, pytest-9.1.1, pluggy-1.6.0
rootdir: /home/perzi/wt-t52/pylauncher
configfile: pyproject.toml
[1mcollecting ... [0m[1mcollected 139 items / 136 deselected / 3 selected                              [0m

tests/test_apply.py [32m.[0m[32m.[0m[31mF[0m[31m                                                  [100%][0m

=================================== FAILURES ===================================
[31m[1m___________ test_a_conflict_is_found_in_another_familys_clone_folder ___________[0m

tmp_path = PosixPath('/tmp/pytest-of-perzi/pytest-901/test_a_conflict_is_found_in_an0')

    [0m[94mdef[39;49;00m[90m [39;49;00m[92mtest_a_conflict_is_found_in_another_familys_clone_folder[39;49;00m(tmp_path: Path) -> [94mNone[39;49;00m:[90m[39;49;00m
    [90m    [39;49;00m[33m"""The search is over every family's folder, not this manifest's own (T53).[39;49;00m
    [33m[39;49;00m
    [33m    Asserted because `_conflict_refusal()` says so in its docstring, and a[39;49;00m
    [33m    docstring is not a guard. Families live in different directories --[39;49;00m
    [33m    `CLONE_DIRS` maps module to `modules/`, ale and keg to `ale_scripts/`, mod[39;49;00m
    [33m    to `sql_scripts/clones/` -- so a check that looked only where the manifest[39;49;00m
    [33m    being installed would land is one line away, reads correctly, and silently[39;49;00m
    [33m    misses a conflict that reaches across families.[39;49;00m
    [33m    """[39;49;00m[90m[39;49;00m
        git = _FakeGit({[33m"[39;49;00m[33mREADME.md[39;49;00m[33m"[39;49;00m: [33m"[39;49;00m[33mupstream[39;49;00m[33m\n[39;49;00m[33m"[39;49;00m})[90m[39;49;00m
        applier = Applier(tmp_path, git=git, remote_url=_Origins(OWNED_URL))[90m[39;49;00m
        [90m# An ALE script is already on disk, in ale_scripts/ -- NOT in modules/.[39;49;00m[90m[39;49;00m
        (tmp_path / [33m"[39;49;00m[33male_scripts[39;49;00m[33m"[39;49;00m / [33m"[39;49;00m[33msome-ale-script[39;49;00m[33m"[39;49;00m / [33m"[39;49;00m[33m.git[39;49;00m[33m"[39;49;00m).mkdir(parents=[94mTrue[39;49;00m)[90m[39;49;00m
    [90m[39;49;00m
        module = parse_manifest([90m[39;49;00m
            {**OWNED_ITEM, [33m"[39;49;00m[33mid[39;49;00m[33m"[39;49;00m: [33m"[39;49;00m[33mmod-thing[39;49;00m[33m"[39;49;00m, [33m"[39;49;00m[33mconflicts_with[39;49;00m[33m"[39;49;00m: [[33m"[39;49;00m[33msome-ale-script[39;49;00m[33m"[39;49;00m]}[90m[39;49;00m
        )[90m[39;49;00m
>       [94mwith[39;49;00m pytest.raises(ApplyError) [94mas[39;49;00m caught:[90m[39;49;00m
             ^^^^^^^^^^^^^^^^^^^^^^^^^[90m[39;49;00m
[1m[31mE       Failed: DID NOT RAISE ApplyError[0m

[1m[31mtests/test_apply.py[0m:3769: Failed
----------------------------- Captured stderr call -----------------------------
2026-09-13 22:12:58 INFO [yulon.docker] could not list /tmp/pytest-of-perzi/pytest-901/test_a_conflict_is_found_in_an0/modules, so nothing there is marked installed: [Errno 2] No such file or directory: '/tmp/pytest-of-perzi/pytest-901/test_a_conflict_is_found_in_an0/modules'
2026-09-13 22:12:58 INFO [yulon.docker] could not list /tmp/pytest-of-perzi/pytest-901/test_a_conflict_is_found_in_an0/sql_scripts/clones, so nothing there is marked installed: [Errno 2] No such file or directory: '/tmp/pytest-of-perzi/pytest-901/test_a_conflict_is_found_in_an0/sql_scripts/clones'
2026-09-13 22:12:58 INFO [yulon.apply] install mod-thing: 2 step(s), 0 skipped, 0 left unapplied, rebuild=False
------------------------------ Captured log call -------------------------------
[32mINFO    [0m yulon.docker:docker.py:1904 could not list /tmp/pytest-of-perzi/pytest-901/test_a_conflict_is_found_in_an0/modules, so nothing there is marked installed: [Errno 2] No such file or directory: '/tmp/pytest-of-perzi/pytest-901/test_a_conflict_is_found_in_an0/modules'
[32mINFO    [0m yulon.docker:docker.py:1904 could not list /tmp/pytest-of-perzi/pytest-901/test_a_conflict_is_found_in_an0/sql_scripts/clones, so nothing there is marked installed: [Errno 2] No such file or directory: '/tmp/pytest-of-perzi/pytest-901/test_a_conflict_is_found_in_an0/sql_scripts/clones'
[32mINFO    [0m yulon.apply:apply.py:2303 install mod-thing: 2 step(s), 0 skipped, 0 left unapplied, rebuild=False
[36m[1m=========================== short test summary info ============================[0m
[31mFAILED[0m tests/test_apply.py::[1mtest_a_conflict_is_found_in_another_familys_clone_folder[0m - Failed: DID NOT RAISE ApplyError
[31m================= [31m[1m1 failed[0m, [32m2 passed[0m, [33m136 deselected[0m[31m in 0.28s[0m[31m ==================[0m
