yt: Python 3.13.15 in /home/perzi/wt-t52/pylauncher
[1m============================= test session starts ==============================[0m
platform linux -- Python 3.13.15, pytest-9.1.1, pluggy-1.6.0
rootdir: /home/perzi/wt-t52/pylauncher
configfile: pyproject.toml
[1mcollecting ... [0m[1mcollected 8 items / 7 deselected / 1 selected                                  [0m

tests/test_manifest_store.py [31mF[0m[31m                                           [100%][0m

=================================== FAILURES ===================================
[31m[1m_________________ test_bundled_store_loads_every_family_typed __________________[0m

    [0m[94mdef[39;49;00m[90m [39;49;00m[92mtest_bundled_store_loads_every_family_typed[39;49;00m() -> [94mNone[39;49;00m:[90m[39;49;00m
    [90m    [39;49;00m[33m"""Every id each family index lists loads as a typed `Manifest`, and none is skipped.[39;49;00m
    [33m[39;49;00m
    [33m    The count is taken from the INDEX rather than compared against a number[39;49;00m
    [33m    written here. `assert total >= 40` was the floor until 2026-09-13, and it[39;49;00m
    [33m    was doing two jobs badly: it guarded against the loop iterating nothing,[39;49;00m
    [33m    which is worth guarding, and it encoded "we ship about forty things", which[39;49;00m
    [33m    is not a fact about correctness and rots on every catalog edit. Dropping[39;49;00m
    [33m    two broken entries in one evening took the total 41 -> 39 and tripped it,[39;49;00m
    [33m    having warned one removal earlier that it would.[39;49;00m
    [33m[39;49;00m
    [33m    Comparing against the index instead is strictly stronger: a truncated index[39;49;00m
    [33m    and a manifest that will not load both still fail, and adding or removing a[39;49;00m
    [33m    module never does.[39;49;00m
    [33m    """[39;49;00m[90m[39;49;00m
        store = modules.store()[90m[39;49;00m
        [94mfor[39;49;00m kind [95min[39;49;00m FAMILY_FILES:[90m[39;49;00m
            listed = [96mlist[39;49;00m(store.load_index(kind).items)[90m[39;49;00m
            [94mfor[39;49;00m item [95min[39;49;00m store.load_all(kind):[90m[39;49;00m
                [94massert[39;49;00m item.type == kind [95mand[39;49;00m item.game == [33m"[39;49;00m[33mwow-wotlk[39;49;00m[33m"[39;49;00m[90m[39;49;00m
            [90m# The index cannot check itself: `load_all()` is DRIVEN by it, so a[39;49;00m[90m[39;49;00m
            [90m# truncated index yields fewer items and every index-vs-loaded[39;49;00m[90m[39;49;00m
            [90m# comparison still agrees. Measured -- dropping the last id from the[39;49;00m[90m[39;49;00m
            [90m# module index left such a comparison green (T52 mutation M1). The[39;49;00m[90m[39;49;00m
            [90m# directory is the independent witness.[39;49;00m[90m[39;49;00m
            on_disk = [96msorted[39;49;00m(f.stem [94mfor[39;49;00m f [95min[39;49;00m (BUNDLED / [33m"[39;49;00m[33mwow-wotlk[39;49;00m[33m"[39;49;00m / FAMILY_FILES[kind]).glob([33m"[39;49;00m[33m*.json[39;49;00m[33m"[39;49;00m))[90m[39;49;00m
>           [94massert[39;49;00m [96msorted[39;49;00m(listed) == on_disk, ([90m[39;49;00m
                [33mf[39;49;00m[33m"[39;49;00m[33mthe [39;49;00m[33m{[39;49;00mkind[33m}[39;49;00m[33m index lists [39;49;00m[33m{[39;49;00m[96msorted[39;49;00m(listed)[33m}[39;49;00m[33m but [39;49;00m[33m{[39;49;00mFAMILY_FILES[kind][33m}[39;49;00m[33m/ holds [39;49;00m[33m{[39;49;00mon_disk[33m}[39;49;00m[33m — [39;49;00m[33m"[39;49;00m[90m[39;49;00m
                [33mf[39;49;00m[33m"[39;49;00m[33ma manifest was added or removed without its index entry[39;49;00m[33m"[39;49;00m[90m[39;49;00m
            )[90m[39;49;00m
[1m[31mE           AssertionError: the module index lists ['mod-1v1-arena', 'mod-ah-bot-plus', 'mod-ale', 'mod-aoe-loot', 'mod-arac', 'mod-autobalance', 'mod-dungeon-master', 'mod-individual-progression', 'mod-junk-to-gold', 'mod-learn-spells', 'mod-mount-scaling', 'mod-npc-beastmaster', 'mod-player-bot-level-brackets', 'mod-profession-progression', 'mod-quest-loot-party', 'mod-solocraft', 'mod-talentbutton', 'mod-transmog'] but modules/ holds ['mod-1v1-arena', 'mod-ah-bot-plus', 'mod-ale', 'mod-aoe-loot', 'mod-arac', 'mod-autobalance', 'mod-custom-login', 'mod-dungeon-master', 'mod-individual-progression', 'mod-junk-to-gold', 'mod-learn-spells', 'mod-mount-scaling', 'mod-npc-beastmaster', 'mod-player-bot-level-brackets', 'mod-profession-progression', 'mod-quest-loot-party', 'mod-solocraft', 'mod-talentbutton', 'mod-transmog'] — a manifest was added or removed without its index entry[0m
[1m[31mE           assert ['mod-1v1-are...balance', ...] == ['mod-1v1-are...balance', ...][0m
[1m[31mE             [0m
[1m[31mE             At index 6 diff: [0m[33m'[39;49;00m[33mmod-dungeon-master[39;49;00m[33m'[39;49;00m[90m[39;49;00m != [0m[33m'[39;49;00m[33mmod-custom-login[39;49;00m[33m'[39;49;00m[90m[39;49;00m[0m
[1m[31mE             Right contains one more item: [0m[33m'[39;49;00m[33mmod-transmog[39;49;00m[33m'[39;49;00m[90m[39;49;00m[0m
[1m[31mE             Use -v to get more diff[0m

[1m[31mtests/test_manifest_store.py[0m:54: AssertionError
[36m[1m=========================== short test summary info ============================[0m
[31mFAILED[0m tests/test_manifest_store.py::[1mtest_bundled_store_loads_every_family_typed[0m - AssertionError: the module index lists ['mod-1v1-arena', 'mod-ah-bot-plus',...
[31m======================= [31m[1m1 failed[0m, [33m7 deselected[0m[31m in 0.14s[0m[31m ========================[0m
