yt: Python 3.13.15 in /home/perzi/wt-t52/pylauncher
[1m============================= test session starts ==============================[0m
platform linux -- Python 3.13.15, pytest-9.1.1, pluggy-1.6.0
rootdir: /home/perzi/wt-t52/pylauncher
configfile: pyproject.toml
[1mcollecting ... [0m[1mcollected 8 items / 7 deselected / 1 selected                                  [0m

tests/test_manifest_store.py [31mF[0m[31m                                           [100%][0m

=================================== FAILURES ===================================
[31m[1m_________________ test_bundled_store_loads_every_family_typed __________________[0m

path = PosixPath('/home/perzi/wt-t52/pylauncher/manifests/wow-wotlk/modules/mod-does-not-exist.json')

    [0m[94mdef[39;49;00m[90m [39;49;00m[92m_read_json[39;49;00m(path: Path) -> [96mobject[39;49;00m:[90m[39;49;00m
        [94mtry[39;49;00m:[90m[39;49;00m
>           [94mwith[39;49;00m path.open(encoding=[33m"[39;49;00m[33mutf-8[39;49;00m[33m"[39;49;00m) [94mas[39;49;00m fh:[90m[39;49;00m
                 ^^^^^^^^^^^^^^^^^^^^^^^^^^^[90m[39;49;00m

[1m[31myulon/manifest_store.py[0m:181: 
_ _ _ _ _ _ _ _ _ _ _ _ _ _ _ _ _ _ _ _ _ _ _ _ _ _ _ _ _ _ _ _ _ _ _ _ _ _ _ _ 

self = PosixPath('/home/perzi/wt-t52/pylauncher/manifests/wow-wotlk/modules/mod-does-not-exist.json')
mode = 'r', buffering = -1, encoding = 'utf-8', errors = None, newline = None

    [0m[94mdef[39;49;00m[90m [39;49;00m[92mopen[39;49;00m([96mself[39;49;00m, mode=[33m'[39;49;00m[33mr[39;49;00m[33m'[39;49;00m, buffering=-[94m1[39;49;00m, encoding=[94mNone[39;49;00m,[90m[39;49;00m
             errors=[94mNone[39;49;00m, newline=[94mNone[39;49;00m):[90m[39;49;00m
    [90m    [39;49;00m[33m"""[39;49;00m
    [33m    Open the file pointed to by this path and return a file object, as[39;49;00m
    [33m    the built-in open() function does.[39;49;00m
    [33m    """[39;49;00m[90m[39;49;00m
        [94mif[39;49;00m [33m"[39;49;00m[33mb[39;49;00m[33m"[39;49;00m [95mnot[39;49;00m [95min[39;49;00m mode:[90m[39;49;00m
            encoding = io.text_encoding(encoding)[90m[39;49;00m
>       [94mreturn[39;49;00m io.open([96mself[39;49;00m, mode, buffering, encoding, errors, newline)[90m[39;49;00m
               ^^^^^^^^^^^^^^^^^^^^^^^^^^^^^^^^^^^^^^^^^^^^^^^^^^^^^^^^^[90m[39;49;00m
[1m[31mE       FileNotFoundError: [Errno 2] No such file or directory: '/home/perzi/wt-t52/pylauncher/manifests/wow-wotlk/modules/mod-does-not-exist.json'[0m

[1m[31m../../.local/share/uv/python/cpython-3.13.15-linux-x86_64-gnu/lib/python3.13/pathlib/_local.py[0m:537: FileNotFoundError

[33mThe above exception was the direct cause of the following exception:[0m

    [0m[94mdef[39;49;00m[90m [39;49;00m[92mtest_bundled_store_loads_every_family_typed[39;49;00m() -> [94mNone[39;49;00m:[90m[39;49;00m
    [90m    [39;49;00m[33m"""Every id each family index lists loads as a typed `Manifest`, and none is skipped.[39;49;00m
    [33m[39;49;00m
    [33m    The count is taken from the INDEX rather than compared against a number[39;49;00m
    [33m    written here. `assert total >= 40` was the floor until 2026-09-13, and it[39;49;00m
    [33m    was doing two jobs badly: it guarded against the loop iterating nothing,[39;49;00m
    [33m    which is worth guarding, and it encoded "we ship about forty things", which[39;49;00m
    [33m    is not a fact about correctness and rots on every catalog edit. Dropping[39;49;00m
    [33m    two broken entries in one evening took the total 41 -> 39 and tripped it,[39;49;00m
    [33m    having warned one removal earlier that it would.[39;49;00m
    [33m[39;49;00m
    [33m    Comparing against the index instead is strictly stronger: a truncated index[39;49;00m
    [33m    and a manifest that will not load both still fail, and adding or removing a[39;49;00m
    [33m    module never does.[39;49;00m
    [33m    """[39;49;00m[90m[39;49;00m
        store = modules.store()[90m[39;49;00m
        [94mfor[39;49;00m kind [95min[39;49;00m FAMILY_FILES:[90m[39;49;00m
            listed = [96mlist[39;49;00m(store.load_index(kind).items)[90m[39;49;00m
>           [94mfor[39;49;00m item [95min[39;49;00m store.load_all(kind):[90m[39;49;00m
                        ^^^^^^^^^^^^^^^^^^^^[90m[39;49;00m

[1m[31mtests/test_manifest_store.py[0m:46: 
_ _ _ _ _ _ _ _ _ _ _ _ _ _ _ _ _ _ _ _ _ _ _ _ _ _ _ _ _ _ _ _ _ _ _ _ _ _ _ _ 
[1m[31myulon/manifest_store.py[0m:155: in load_all
    [0m[94myield[39;49;00m [96mself[39;49;00m._load_at([96mself[39;49;00m.item_path(kind, item_id), kind, item_id)[90m[39;49;00m
          ^^^^^^^^^^^^^^^^^^^^^^^^^^^^^^^^^^^^^^^^^^^^^^^^^^^^^^^^^^^[90m[39;49;00m
[1m[31myulon/manifest_store.py[0m:143: in _load_at
    [0mmanifest = load_manifest(path)[90m[39;49;00m
               ^^^^^^^^^^^^^^^^^^^[90m[39;49;00m
[1m[31myulon/manifest_store.py[0m:176: in load_manifest
    [0m[94mreturn[39;49;00m parse_manifest(_read_json(path))[90m[39;49;00m
                          ^^^^^^^^^^^^^^^^[90m[39;49;00m
_ _ _ _ _ _ _ _ _ _ _ _ _ _ _ _ _ _ _ _ _ _ _ _ _ _ _ _ _ _ _ _ _ _ _ _ _ _ _ _ 

path = PosixPath('/home/perzi/wt-t52/pylauncher/manifests/wow-wotlk/modules/mod-does-not-exist.json')

    [0m[94mdef[39;49;00m[90m [39;49;00m[92m_read_json[39;49;00m(path: Path) -> [96mobject[39;49;00m:[90m[39;49;00m
        [94mtry[39;49;00m:[90m[39;49;00m
            [94mwith[39;49;00m path.open(encoding=[33m"[39;49;00m[33mutf-8[39;49;00m[33m"[39;49;00m) [94mas[39;49;00m fh:[90m[39;49;00m
                [94mreturn[39;49;00m json.load(fh)[90m[39;49;00m
        [94mexcept[39;49;00m [96mFileNotFoundError[39;49;00m [94mas[39;49;00m exc:[90m[39;49;00m
>           [94mraise[39;49;00m ManifestError([33mf[39;49;00m[33m"[39;49;00m[33mmanifest file missing: [39;49;00m[33m{[39;49;00mpath[33m}[39;49;00m[33m"[39;49;00m) [94mfrom[39;49;00m[90m [39;49;00m[04m[96mexc[39;49;00m[90m[39;49;00m
[1m[31mE           yulon.manifest_store.ManifestError: manifest file missing: /home/perzi/wt-t52/pylauncher/manifests/wow-wotlk/modules/mod-does-not-exist.json[0m

[1m[31myulon/manifest_store.py[0m:184: ManifestError
[36m[1m=========================== short test summary info ============================[0m
[31mFAILED[0m tests/test_manifest_store.py::[1mtest_bundled_store_loads_every_family_typed[0m - yulon.manifest_store.ManifestError: manifest file missing: /home/perzi/wt-t...
[31m======================= [31m[1m1 failed[0m, [33m7 deselected[0m[31m in 0.15s[0m[31m ========================[0m
