yt: Python 3.13.15 in /home/perzi/wt-t48/pylauncher
......................F.............                                     [100%]
=================================== FAILURES ===================================
_______ test_a_report_is_filed_under_its_own_family_when_two_share_an_id _______

qapp = <PySide6.QtWidgets.QApplication(0x1d719a40) at 0x79074e58c100>
ps = <tests.test_controller_view._Ps object at 0x79074ee6f9b0>
tmp_path = PosixPath('<tmp>/test_a_report_is_filed_under_i0')

    def test_a_report_is_filed_under_its_own_family_when_two_share_an_id(
        qapp: object, ps: _Ps, tmp_path: Path
    ) -> None:
        """T48. Two manifests, one id, two families: each report's facts land on its own key.
    
        The view keyed its session facts by `(acted_on.type, id)` and checked only
        the id against the report, because the report carried no family. So a report
        about the `mod` twin, delivered while the `module` twin was the press on
        record, filed its facts under the `module` twin -- a chip on the wrong row.
    
        Mutation: match `_note_session_facts()` on the id alone and the last press
        below files a rebuild against `("module", "twin")`; match `_module_done()`'s
        `forget()` on the id alone and the `module` twin's record is dropped.
        """
        # Both on disk: `_module_done()` reloads, and a reload drops every fact about
        # a module that is not installed.
        view = _wotlk_modules_view(ps, tmp_path, module=frozenset({"twin"}), mod=frozenset({"twin"}))
        module_twin, mod_twin = (
            parse_manifest(
                {
                    "id": "twin",
                    "name": "Twin",
                    "type": kind,
                    "game": "wow-wotlk",
                    "description": "x",
                    "source": {"repo": "acme/twin"},
                }
            )
            for kind in ("module", "mod")
        )
    
        view._acting_on = module_twin
        view._module_done(ApplyReport("install", "twin", family="module", rebuild_required=True))
        assert view._rebuild_owed == {("module", "twin")}
    
        pending = (apply_module.PendingSql("world", "data/sql/*.sql", ("one.sql",)),)
        view._acting_on = mod_twin
        view._module_done(ApplyReport("install", "twin", family="mod", pending_sql=pending))
        assert set(view._sql_owed) == {("mod", "twin")}
        assert view._rebuild_owed == {("module", "twin")}
    
        # And the record `forget()` drops on a remove is matched the same way: a `mod`
        # report must not drop the `module` twin's record.
        forgotten: list[tuple[str, str]] = []
        object.__setattr__(
            view.services,
            "module_forget",
            lambda manifest: forgotten.append((manifest.type, manifest.id)) or True,
        )
        view._acting_on = module_twin
        view._module_done(ApplyReport("remove", "twin", family="mod"))
        assert forgotten == []
        view._acting_on = mod_twin
        view._module_done(ApplyReport("remove", "twin", family="mod"))
        assert forgotten == [("mod", "twin")]
    
        # A report whose family is not the press on record is filed under NEITHER.
        view._rebuild_owed.clear()
        view._acting_on = module_twin
        view._module_done(ApplyReport("install", "twin", family="mod", rebuild_required=True))
>       assert view._rebuild_owed == set(), view._rebuild_owed
E       AssertionError: {('mod', 'twin')}
E       assert {('mod', 'twin')} == set()
E         
E         Extra items in the left set:
E         ('mod', 'twin')
E         Use -v to get more diff

tests/test_controller_view.py:7536: AssertionError
=========================== short test summary info ============================
FAILED tests/test_controller_view.py::test_a_report_is_filed_under_its_own_family_when_two_share_an_id
1 failed, 35 passed, 463 deselected in 2.75s
