yt: Python 3.13.15 in /home/perzi/wt-t48/pylauncher
......................................F.............                     [100%]
=================================== FAILURES ===================================
_______ test_a_report_is_filed_under_its_own_family_when_two_share_an_id _______

qapp = <PySide6.QtWidgets.QApplication(0x2297acf0) at 0x7388c2c05900>
ps = <tests.test_controller_view._Ps object at 0x7388c08f11d0>
tmp_path = PosixPath('<tmp>/test_a_report_is_filed_under_i0')

    def test_a_report_is_filed_under_its_own_family_when_two_share_an_id(
        qapp: object, ps: _Ps, tmp_path: Path
    ) -> None:
        """T48. Two manifests, one id, two families: each report's facts land on its own key.
    
        The view keyed its session facts by `(acted_on.type, id)` and checked only
        the id against the report, because the report carried no family. So a report
        about the `mod` twin, delivered while the `module` twin was the press on
        record, filed its facts under the `module` twin -- a chip on the wrong row.
    
        Now the report's own family is the key, whatever is on record; the one thing
        still gated on the press on record is `forget()`, which deletes a file.
    
        Mutation: key `_note_session_facts()` by `acted_on.type` and a mismatched
        press files its rebuild against `("module", "twin")`; match `_module_done()`'s
        `forget()` on the id alone and the `module` twin's record is dropped; let an
        unverified report fall through to the clearing path and the seeded facts go.
        """
        # Both on disk: `_module_done()` reloads, and a reload drops every fact about
        # a module that is not installed.
        view = _wotlk_modules_view(ps, tmp_path, module=frozenset({"twin"}), mod=frozenset({"twin"}))
        module_twin, mod_twin = (
            parse_manifest(
                {
                    "id": "twin",
                    "name": "Twin",
                    "type": kind,
                    "game": "wow-wotlk",
                    "description": "x",
                    "source": {"repo": "acme/twin"},
                }
            )
            for kind in ("module", "mod")
        )
    
        view._acting_on = module_twin
        view._module_done(ApplyReport("install", "twin", family="module", rebuild_required=True))
        assert view._rebuild_owed == {("module", "twin")}
    
        pending = (apply_module.PendingSql("world", "data/sql/*.sql", ("one.sql",)),)
        view._acting_on = mod_twin
        view._module_done(ApplyReport("install", "twin", family="mod", pending_sql=pending))
        assert set(view._sql_owed) == {("mod", "twin")}
        assert view._rebuild_owed == {("module", "twin")}
    
        # And the record `forget()` drops on a remove is matched the same way: a `mod`
        # report must not drop the `module` twin's record.
        forgotten: list[tuple[str, str]] = []
        object.__setattr__(
            view.services,
            "module_forget",
            lambda manifest: forgotten.append((manifest.type, manifest.id)) or True,
        )
        view._acting_on = module_twin
        view._module_done(ApplyReport("remove", "twin", family="mod"))
        assert forgotten == []
        view._acting_on = mod_twin
        view._module_done(ApplyReport("remove", "twin", family="mod"))
        assert forgotten == [("mod", "twin")]
    
        # A report whose family is not the press on record -- or with no press on
        # record at all -- is filed under ITS OWN family, never the one on record,
        # and never dropped: a rebuild the user owes must not vanish over bookkeeping.
        view._rebuild_owed.clear()
        view._acting_on = module_twin
        view._module_done(ApplyReport("install", "twin", family="mod", rebuild_required=True))
>       assert view._rebuild_owed == {("mod", "twin")}, view._rebuild_owed
E       AssertionError: set()
E       assert set() == {('mod', 'twin')}
E         
E         Extra items in the right set:
E         ('mod', 'twin')
E         Use -v to get more diff

tests/test_controller_view.py:7542: AssertionError
----------------------------- Captured stderr call -----------------------------
2026-09-14 02:12:08 WARNING [yulon.ui.controller_view] the remove report for mod twin does not match the press on record (module twin); what it says is owed is recorded, nothing is cleared
2026-09-14 02:12:08 WARNING [yulon.ui.controller_view] the install report for mod twin does not match the press on record (module twin); what it says is owed is recorded, nothing is cleared
------------------------------ Captured log call -------------------------------
WARNING  yulon.ui.controller_view:controller_view.py:6379 the remove report for mod twin does not match the press on record (module twin); what it says is owed is recorded, nothing is cleared
WARNING  yulon.ui.controller_view:controller_view.py:6379 the install report for mod twin does not match the press on record (module twin); what it says is owed is recorded, nothing is cleared
=========================== short test summary info ============================
FAILED tests/test_controller_view.py::test_a_report_is_filed_under_its_own_family_when_two_share_an_id
1 failed, 51 passed, 270 deselected in 6.88s
