yt: Python 3.13.15 in /home/perzi/wt-t55/pylauncher
..F.......F                                                              [100%]
=================================== FAILURES ===================================
__________ test_a_blocked_row_carries_the_reason_where_it_can_be_read __________

qapp = <PySide6.QtWidgets.QApplication(0x124fdb60) at 0x7b3463a0e280>

    def test_a_blocked_row_carries_the_reason_where_it_can_be_read(qapp: object) -> None:
        """Disabled, with the reason as tooltip AND as a chip, and it stays disabled (T55).
    
        A tooltip alone is invisible on a gamepad or a touch screen, which is why the
        chip is there -- the same pair `required by` gives a locked Remove.
    
        `set_enabled_actions(True)` is what every finished job calls; a row that
        re-armed its Install there would offer the refused press again the moment
        any other install completed.
    
        Mutation: drop `and self.data.installable` from `set_enabled_actions()` and
        the button comes back after the job.
        """
        catalog = [
            _m("mod-ah-bot", name="Auction House Bot", conflicts_with=("mod-ah-bot-plus",)),
            _m("mod-ah-bot-plus", name="Auction House Bot Plus", conflicts_with=("mod-ah-bot",)),
        ]
        row = _row(_rows(catalog, {"module": frozenset({"mod-ah-bot"})}), "mod-ah-bot-plus")
        assert mp.chip_conflicts_with_label("Auction House Bot") in _labels(row)
        assert row.install_reason is not None and "Auction House Bot" in row.install_reason
    
        widget = mp.RowWidget(row)
        assert widget.install_button is not None
>       assert not widget.install_button.isEnabled()
E       assert not True
E        +  where True = <built-in method isEnabled of PySide6.QtWidgets.QPushButton object at 0x7b3463a0f840>()
E        +    where <built-in method isEnabled of PySide6.QtWidgets.QPushButton object at 0x7b3463a0f840> = <PySide6.QtWidgets.QPushButton(0x1151eb70) at 0x7b3463a0f840>.isEnabled
E        +      where <PySide6.QtWidgets.QPushButton(0x1151eb70) at 0x7b3463a0f840> = <yulon.ui.widgets.modules_panel.RowWidget(0x123c4230, name="moduleRow") at 0x7b3463a0e540>.install_button

tests/test_modules_panel.py:1431: AssertionError
____ test_the_menu_install_of_a_blocked_row_refuses_before_it_asks_anything ____

qapp = <PySide6.QtWidgets.QApplication(0x124fdb60) at 0x7b3463a0e280>
ps = <tests.test_controller_view._Ps object at 0x7b3461773d90>
tmp_path = PosixPath('<tmp>/test_the_menu_install_of_a_blo0')

    def test_the_menu_install_of_a_blocked_row_refuses_before_it_asks_anything(
        qapp: object, ps: _Ps, tmp_path: Path
    ) -> None:
        """The context menu reaches `_module_action()` even when the row's button is locked (T55).
    
        With the shipped catalog: `mod-ah-bot` installed, `mod-ah-bot-plus` pressed.
        The prompt dialog runs before the applier, and `mod-ah-bot-plus` asks a
        question with no default -- so without the guard the user answered it and
        was then refused by `_conflict_refusal()`.
    
        Mutation: delete the guard in `_module_action()` and the asker is called and
        the fake applier is handed the install.
        """
        asked: list[str] = []
        services = _services(ps, tmp_path, [])
        object.__setattr__(services, "installed_modules", lambda: {"module": frozenset({"mod-ah-bot"})})
        view = ControllerView(
            WOTLK,
            services,
            status_poll_ms=0,
            prompt_asker=lambda parent, manifest, prompts: asked.append(manifest.id) or {},
        )
        _select_module(view, "mod-ah-bot-plus")
        row = view.modules_panel.row("mod-ah-bot-plus")
>       assert row.install_button is not None and not row.install_button.isEnabled()
E       assert (<PySide6.QtWidgets.QPushButton(0x1250aae0) at 0x7b346362db40> is not None and not True)
E        +  where <PySide6.QtWidgets.QPushButton(0x1250aae0) at 0x7b346362db40> = <yulon.ui.widgets.modules_panel.RowWidget(0x11e03bc0, name="moduleRow") at 0x7b346362f940>.install_button
E        +  and   True = <built-in method isEnabled of PySide6.QtWidgets.QPushButton object at 0x7b346362db40>()
E        +    where <built-in method isEnabled of PySide6.QtWidgets.QPushButton object at 0x7b346362db40> = <PySide6.QtWidgets.QPushButton(0x1250aae0) at 0x7b346362db40>.isEnabled
E        +      where <PySide6.QtWidgets.QPushButton(0x1250aae0) at 0x7b346362db40> = <yulon.ui.widgets.modules_panel.RowWidget(0x11e03bc0, name="moduleRow") at 0x7b346362f940>.install_button

tests/test_controller_view.py:803: AssertionError
=========================== short test summary info ============================
FAILED tests/test_modules_panel.py::test_a_blocked_row_carries_the_reason_where_it_can_be_read
FAILED tests/test_controller_view.py::test_the_menu_install_of_a_blocked_row_refuses_before_it_asks_anything
2 failed, 9 passed, 524 deselected in 1.09s
