yt: Python 3.13.15 in /home/perzi/wt-t55/pylauncher
..........F                                                              [100%]
=================================== FAILURES ===================================
____ test_the_menu_install_of_a_blocked_row_refuses_before_it_asks_anything ____

qapp = <PySide6.QtWidgets.QApplication(0x23596de0) at 0x73ff896f7140>
ps = <tests.test_controller_view._Ps object at 0x73ff875a34d0>
tmp_path = PosixPath('<tmp>/test_the_menu_install_of_a_blo0')

    def test_the_menu_install_of_a_blocked_row_refuses_before_it_asks_anything(
        qapp: object, ps: _Ps, tmp_path: Path
    ) -> None:
        """The context menu reaches `_module_action()` even when the row's button is locked (T55).
    
        With the shipped catalog: `mod-ah-bot` installed, `mod-ah-bot-plus` pressed.
        The prompt dialog runs before the applier, and `mod-ah-bot-plus` asks a
        question with no default -- so without the guard the user answered it and
        was then refused by `_conflict_refusal()`.
    
        Mutation: delete the guard in `_module_action()` and the asker is called and
        the fake applier is handed the install.
        """
        asked: list[str] = []
        services = _services(ps, tmp_path, [])
        object.__setattr__(services, "installed_modules", lambda: {"module": frozenset({"mod-ah-bot"})})
        view = ControllerView(
            WOTLK,
            services,
            status_poll_ms=0,
            prompt_asker=lambda parent, manifest, prompts: asked.append(manifest.id) or {},
        )
        _select_module(view, "mod-ah-bot-plus")
        row = view.modules_panel.row("mod-ah-bot-plus")
        assert row.install_button is not None and not row.install_button.isEnabled()
    
        view._module_action("install")
    
>       assert asked == []
E       AssertionError: assert ['mod-ah-bot-plus'] == []
E         
E         Left contains one more item: 'mod-ah-bot-plus'
E         Use -v to get more diff

tests/test_controller_view.py:807: AssertionError
=========================== short test summary info ============================
FAILED tests/test_controller_view.py::test_the_menu_install_of_a_blocked_row_refuses_before_it_asks_anything
1 failed, 10 passed, 524 deselected in 1.16s
