yt: Python 3.13.15 in /home/perzi/wt-t55/pylauncher
.F.........                                                              [100%]
=================================== FAILURES ===================================
________ test_a_declared_conflict_that_is_not_installed_blocks_nothing _________

    def test_a_declared_conflict_that_is_not_installed_blocks_nothing() -> None:
        """Declaring a conflict says nothing about whether the other thing is here.
    
        Four mods name each other (buff/xbuff/nerf/baby-mobs). A row that read the
        declaration rather than the disk would render all four permanently
        uninstallable on a machine with none of them.
        """
        catalog = [
            _m("buff-mobs", conflicts_with=("nerf-mobs", "baby-mobs")),
            _m("nerf-mobs", conflicts_with=("buff-mobs", "baby-mobs")),
        ]
        rows = _rows(catalog, {})
        for item in ("buff-mobs", "nerf-mobs"):
>           assert _row(rows, item).installable, item
E           AssertionError: buff-mobs
E           assert False
E            +  where False = ModuleRow(id='buff-mobs', family='module', name='Buff Mobs', description='buff-mobs does a thing', url='https://github...nstalled here, and the catalog records the two as alternatives that cannot both be installed. Remove Nerf Mobs first.').installable
E            +    where ModuleRow(id='buff-mobs', family='module', name='Buff Mobs', description='buff-mobs does a thing', url='https://github...nstalled here, and the catalog records the two as alternatives that cannot both be installed. Remove Nerf Mobs first.') = _row((ModuleRow(id='buff-mobs', family='module', name='Buff Mobs', description='buff-mobs does a thing', url='https://githu...stalled here, and the catalog records the two as alternatives that cannot both be installed. Remove Buff Mobs first.')), 'buff-mobs')

tests/test_modules_panel.py:1404: AssertionError
=========================== short test summary info ============================
FAILED tests/test_modules_panel.py::test_a_declared_conflict_that_is_not_installed_blocks_nothing
1 failed, 10 passed, 524 deselected in 1.03s
