yt: Python 3.13.15 in /home/perzi/wt-t55/pylauncher
F.FF......F                                                              [100%]
=================================== FAILURES ===================================
___ test_a_row_whose_conflict_is_installed_cannot_be_installed_from_the_tab ____

    def test_a_row_whose_conflict_is_installed_cannot_be_installed_from_the_tab() -> None:
        """The tab must not offer what the applier will refuse (T55).
    
        T53 made `install()` refuse a module whose declared conflict is already on
        disk, which is right and is where the safety lives. It left the tab
        offering it: a user still pressed Install to be told no. That is the same
        row the catalog already knows is unavailable.
    
        The decision is `apply.conflicting_installed()`, shared with the applier's
        refusal, so the two cannot answer differently — a tab with its own copy of
        this rule is how it comes to offer what the applier declines.
    
        Mutation: have the row read `manifest.conflicts_with` instead of asking
        what is installed, and `mod-ah-bot-plus` goes uninstallable on a machine
        that has neither.
        """
        catalog = [
            _m("mod-ah-bot", conflicts_with=("mod-ah-bot-plus",)),
            _m("mod-ah-bot-plus", conflicts_with=("mod-ah-bot",)),
        ]
        rows = _rows(catalog, {"module": frozenset({"mod-ah-bot"})})
    
        blocked = _row(rows, "mod-ah-bot-plus")
>       assert not blocked.installable
E       AssertionError: assert not True
E        +  where True = ModuleRow(id='mod-ah-bot-plus', family='module', name='Mod Ah Bot Plus', description='mod-ah-bot-plus does a thing', u...stalled here, and the catalog records the two as alternatives that cannot both be installed. Remove Mod Ah Bot first.').installable

tests/test_modules_panel.py:1382: AssertionError
__________ test_a_blocked_row_carries_the_reason_where_it_can_be_read __________

qapp = <PySide6.QtWidgets.QApplication(0x1ba639a0) at 0x7db3f60b1380>

    def test_a_blocked_row_carries_the_reason_where_it_can_be_read(qapp: object) -> None:
        """Disabled, with the reason as tooltip AND as a chip, and it stays disabled (T55).
    
        A tooltip alone is invisible on a gamepad or a touch screen, which is why the
        chip is there -- the same pair `required by` gives a locked Remove.
    
        `set_enabled_actions(True)` is what every finished job calls; a row that
        re-armed its Install there would offer the refused press again the moment
        any other install completed.
    
        Mutation: drop `and self.data.installable` from `set_enabled_actions()` and
        the button comes back after the job.
        """
        catalog = [
            _m("mod-ah-bot", name="Auction House Bot", conflicts_with=("mod-ah-bot-plus",)),
            _m("mod-ah-bot-plus", name="Auction House Bot Plus", conflicts_with=("mod-ah-bot",)),
        ]
        row = _row(_rows(catalog, {"module": frozenset({"mod-ah-bot"})}), "mod-ah-bot-plus")
        assert mp.chip_conflicts_with_label("Auction House Bot") in _labels(row)
        assert row.install_reason is not None and "Auction House Bot" in row.install_reason
    
        widget = mp.RowWidget(row)
        assert widget.install_button is not None
>       assert not widget.install_button.isEnabled()
E       assert not True
E        +  where True = <built-in method isEnabled of PySide6.QtWidgets.QPushButton object at 0x7db3fc424bc0>()
E        +    where <built-in method isEnabled of PySide6.QtWidgets.QPushButton object at 0x7db3fc424bc0> = <PySide6.QtWidgets.QPushButton(0x1ba40a30) at 0x7db3fc424bc0>.isEnabled
E        +      where <PySide6.QtWidgets.QPushButton(0x1ba40a30) at 0x7db3fc424bc0> = <yulon.ui.widgets.modules_panel.RowWidget(0x1cb7b920, name="moduleRow") at 0x7db3fcb4d440>.install_button

tests/test_modules_panel.py:1431: AssertionError
____ test_an_empty_leftover_greys_the_row_while_the_applier_would_allow_it _____

tmp_path = PosixPath('<tmp>/test_an_empty_leftover_greys_t0')

    def test_an_empty_leftover_greys_the_row_while_the_applier_would_allow_it(
        tmp_path: Path,
    ) -> None:
        """The one direction the tab and the applier may differ in, pinned (T55, T59).
    
        An empty `modules/mod-ah-bot` is listed by `installed_clones()`, so the tab
        greys `mod-ah-bot-plus`; the applier looks inside and lets it through. The
        tab is stricter, never looser -- and the row it points at is drawn installed,
        with a Remove, so the way out is on screen.
    
        If this ever flips -- the applier refusing what the tab offers -- that is the
        defect T55 exists for. If the tab is taught to open folders so both allow,
        this test should be rewritten to say so, not deleted.
        """
        from yulon.apply import Applier, installed_clones
    
        (tmp_path / "modules" / "mod-ah-bot").mkdir(parents=True)
        plus = _m("mod-ah-bot-plus", conflicts_with=("mod-ah-bot",))
        catalog = [_m("mod-ah-bot", conflicts_with=("mod-ah-bot-plus",)), plus]
        rows = _rows(catalog, installed_clones(tmp_path))
    
        assert _row(rows, "mod-ah-bot").installed
>       assert not _row(rows, "mod-ah-bot-plus").installable
E       AssertionError: assert not True
E        +  where True = ModuleRow(id='mod-ah-bot-plus', family='module', name='Mod Ah Bot Plus', description='mod-ah-bot-plus does a thing', u...stalled here, and the catalog records the two as alternatives that cannot both be installed. Remove Mod Ah Bot first.').installable
E        +    where ModuleRow(id='mod-ah-bot-plus', family='module', name='Mod Ah Bot Plus', description='mod-ah-bot-plus does a thing', u...stalled here, and the catalog records the two as alternatives that cannot both be installed. Remove Mod Ah Bot first.') = _row((ModuleRow(id='mod-ah-bot', family='module', name='Mod Ah Bot', description='mod-ah-bot does a thing', url='https://gi...talled here, and the catalog records the two as alternatives that cannot both be installed. Remove Mod Ah Bot first.')), 'mod-ah-bot-plus')

tests/test_modules_panel.py:1460: AssertionError
----------------------------- Captured stderr call -----------------------------
2026-09-14 01:56:05 INFO [yulon.docker] could not list <tmp>/test_an_empty_leftover_greys_t0/ale_scripts, so nothing there is marked installed: [Errno 2] No such file or directory: '<tmp>/test_an_empty_leftover_greys_t0/ale_scripts'
2026-09-14 01:56:05 INFO [yulon.docker] could not list <tmp>/test_an_empty_leftover_greys_t0/ale_scripts, so nothing there is marked installed: [Errno 2] No such file or directory: '<tmp>/test_an_empty_leftover_greys_t0/ale_scripts'
2026-09-14 01:56:05 INFO [yulon.docker] could not list <tmp>/test_an_empty_leftover_greys_t0/sql_scripts/clones, so nothing there is marked installed: [Errno 2] No such file or directory: '<tmp>/test_an_empty_leftover_greys_t0/sql_scripts/clones'
------------------------------ Captured log call -------------------------------
INFO     yulon.docker:docker.py:1904 could not list <tmp>/test_an_empty_leftover_greys_t0/ale_scripts, so nothing there is marked installed: [Errno 2] No such file or directory: '<tmp>/test_an_empty_leftover_greys_t0/ale_scripts'
INFO     yulon.docker:docker.py:1904 could not list <tmp>/test_an_empty_leftover_greys_t0/ale_scripts, so nothing there is marked installed: [Errno 2] No such file or directory: '<tmp>/test_an_empty_leftover_greys_t0/ale_scripts'
INFO     yulon.docker:docker.py:1904 could not list <tmp>/test_an_empty_leftover_greys_t0/sql_scripts/clones, so nothing there is marked installed: [Errno 2] No such file or directory: '<tmp>/test_an_empty_leftover_greys_t0/sql_scripts/clones'
____ test_the_menu_install_of_a_blocked_row_refuses_before_it_asks_anything ____

qapp = <PySide6.QtWidgets.QApplication(0x1ba639a0) at 0x7db3f60b1380>
ps = <tests.test_controller_view._Ps object at 0x7db3f62a25d0>
tmp_path = PosixPath('<tmp>/test_the_menu_install_of_a_blo0')

    def test_the_menu_install_of_a_blocked_row_refuses_before_it_asks_anything(
        qapp: object, ps: _Ps, tmp_path: Path
    ) -> None:
        """The context menu reaches `_module_action()` even when the row's button is locked (T55).
    
        With the shipped catalog: `mod-ah-bot` installed, `mod-ah-bot-plus` pressed.
        The prompt dialog runs before the applier, and `mod-ah-bot-plus` asks a
        question with no default -- so without the guard the user answered it and
        was then refused by `_conflict_refusal()`.
    
        Mutation: delete the guard in `_module_action()` and the asker is called and
        the fake applier is handed the install.
        """
        asked: list[str] = []
        services = _services(ps, tmp_path, [])
        object.__setattr__(services, "installed_modules", lambda: {"module": frozenset({"mod-ah-bot"})})
        view = ControllerView(
            WOTLK,
            services,
            status_poll_ms=0,
            prompt_asker=lambda parent, manifest, prompts: asked.append(manifest.id) or {},
        )
        _select_module(view, "mod-ah-bot-plus")
        row = view.modules_panel.row("mod-ah-bot-plus")
>       assert row.install_button is not None and not row.install_button.isEnabled()
E       assert (<PySide6.QtWidgets.QPushButton(0x1c74fdc0) at 0x7db3fc8a1c80> is not None and not True)
E        +  where <PySide6.QtWidgets.QPushButton(0x1c74fdc0) at 0x7db3fc8a1c80> = <yulon.ui.widgets.modules_panel.RowWidget(0x1cf08a70, name="moduleRow") at 0x7db3f5db6a40>.install_button
E        +  and   True = <built-in method isEnabled of PySide6.QtWidgets.QPushButton object at 0x7db3fc8a1c80>()
E        +    where <built-in method isEnabled of PySide6.QtWidgets.QPushButton object at 0x7db3fc8a1c80> = <PySide6.QtWidgets.QPushButton(0x1c74fdc0) at 0x7db3fc8a1c80>.isEnabled
E        +      where <PySide6.QtWidgets.QPushButton(0x1c74fdc0) at 0x7db3fc8a1c80> = <yulon.ui.widgets.modules_panel.RowWidget(0x1cf08a70, name="moduleRow") at 0x7db3f5db6a40>.install_button

tests/test_controller_view.py:803: AssertionError
=========================== short test summary info ============================
FAILED tests/test_modules_panel.py::test_a_row_whose_conflict_is_installed_cannot_be_installed_from_the_tab
FAILED tests/test_modules_panel.py::test_a_blocked_row_carries_the_reason_where_it_can_be_read
FAILED tests/test_modules_panel.py::test_an_empty_leftover_greys_the_row_while_the_applier_would_allow_it
FAILED tests/test_controller_view.py::test_the_menu_install_of_a_blocked_row_refuses_before_it_asks_anything
4 failed, 7 passed, 524 deselected in 1.11s
