yt: Python 3.13.15 in /home/perzi/wt-t55/pylauncher
F                                                                        [100%]
=================================== FAILURES ===================================
_________ test_a_failed_press_redraws_the_conflict_lock_from_the_disk __________

qapp = <PySide6.QtWidgets.QApplication(0x425b7020) at 0x7c4324923b00>
ps = <tests.test_controller_view._Ps object at 0x7c43274db0e0>
tmp_path = PosixPath('/tmp/pytest-of-perzi/pytest-38/test_a_failed_press_redraws_th0')

    def test_a_failed_press_redraws_the_conflict_lock_from_the_disk(
        qapp: object, ps: _Ps, tmp_path: Path
    ) -> None:
        """A failure can change what is installed, so the locks are re-read on it too (T55 review).
    
        `Applier.install()` clones before deploy, SQL and conf, and any of those can
        raise with the clone already on disk; `remove()` deletes deployed files
        before the rmtree that may fail. The success path re-read the disk; the
        failure path did not, so the row kept the pre-press lock.
    
        Driven with the installed-modules seam changing under the failure, both ways.
    
        Mutation: drop `reload_modules()` from `_module_failed()` and the first
        assertion after each failure keeps the old answer.
        """
        on_disk: dict[str, frozenset[str]] = {"module": frozenset()}
        services = _services(ps, tmp_path, [])
        object.__setattr__(services, "installed_modules", lambda: dict(on_disk))
        view = ControllerView(WOTLK, services, status_poll_ms=0)
        assert view.modules_panel.row("mod-ah-bot-plus").data.installable
    
        # An install of mod-ah-bot that cloned and then raised.
        on_disk["module"] = frozenset({"mod-ah-bot"})
        view._acting_on = view._manifests[("module", "mod-ah-bot")]
        view._module_pending = "install mod-ah-bot"
        view._module_failed(RuntimeError("the SQL step raised after the clone"))
>       assert not view.modules_panel.row("mod-ah-bot-plus").data.installable
E       assert not True
E        +  where True = ModuleRow(id='mod-ah-bot-plus', family='module', name='AH Bot Plus', description='Drop-rate-aware, enhanced Auction Ho...one),), removable=True, remove_reason=None, badge='Not installed', version=None, installable=True, install_reason=None).installable
E        +    where ModuleRow(id='mod-ah-bot-plus', family='module', name='AH Bot Plus', description='Drop-rate-aware, enhanced Auction Ho...one),), removable=True, remove_reason=None, badge='Not installed', version=None, installable=True, install_reason=None) = <yulon.ui.widgets.modules_panel.RowWidget(0x427f2c30, name="moduleRow") at 0x7c4324869000>.data
E        +      where <yulon.ui.widgets.modules_panel.RowWidget(0x427f2c30, name="moduleRow") at 0x7c4324869000> = row('mod-ah-bot-plus')
E        +        where row = <yulon.ui.widgets.modules_panel.ModulesPanel(0x42410a00) at 0x7c43248d0bc0>.row
E        +          where <yulon.ui.widgets.modules_panel.ModulesPanel(0x42410a00) at 0x7c43248d0bc0> = <yulon.ui.controller_view.ControllerView(0x429e87b0) at 0x7c43246917c0>.modules_panel

tests/test_controller_view.py:841: AssertionError
=========================== short test summary info ============================
FAILED tests/test_controller_view.py::test_a_failed_press_redraws_the_conflict_lock_from_the_disk
1 failed, 322 deselected in 0.80s
