yt: Python 3.13.15 in /home/perzi/wt-t59/pylauncher
F                                                                        [100%]
=================================== FAILURES ===================================
________ test_every_shipped_ale_manifest_deploys_and_undeploys_for_real ________

tmp_path = PosixPath('<tmp>/test_every_shipped_ale_manifes0')

    def test_every_shipped_ale_manifest_deploys_and_undeploys_for_real(tmp_path: Path) -> None:
        """The catalog's own deploy steps, driven rather than read (T59).
    
        A manifest with a single-file `src` and a `rename` was merged (#160) and
        every Loot Pet install failed with `NotADirectoryError` -- after copying, so
        the script was left in `lua_scripts/` under its old name. Nothing caught it: the rename test uses a DIRECTORY src, which is the shape
        that works, and no test had ever driven a SHIPPED manifest through
        `install()`.
    
        This walks the real `manifests/wow-wotlk/ale/` entries with a fake clone
        holding exactly the files each one says it deploys, and asserts the deploy
        lands and the remove takes it away. It is a catalog test, not a unit test:
        the manifests are data, and data that cannot be applied is a broken build.
        """
        ale = Path(__file__).resolve().parents[1] / "manifests" / "wow-wotlk" / "ale"
        checked = 0
        for path in sorted(ale.glob("*.json")):
            raw = json.loads(path.read_text(encoding="utf-8"))
            steps = raw.get("deploy") or []
            if not steps or any(s["src"].endswith("/") for s in steps):
                continue  # directory deploys need a tree; this test is the file case
            manifest = parse_manifest(raw)  # as shipped: its own type, repo and pin
            assert manifest.source is not None, f"{raw['id']}: an ALE script with no repository"
            server = tmp_path / raw["id"]
            applier = Applier(
                server,
                git=_FakeGit({s["src"]: f"-- {s['src']}\n" for s in steps}),
                remote_url=_Origins(manifest.source.url),
            )
>           applier.install(manifest)

tests/test_apply.py:3854: 
_ _ _ _ _ _ _ _ _ _ _ _ _ _ _ _ _ _ _ _ _ _ _ _ _ _ _ _ _ _ _ _ _ _ _ _ _ _ _ _ 
yulon/apply.py:1254: in install
    self._deploy(manifest, clone, log)
yulon/apply.py:2009: in _deploy
    (target / old).replace(target / new)
_ _ _ _ _ _ _ _ _ _ _ _ _ _ _ _ _ _ _ _ _ _ _ _ _ _ _ _ _ _ _ _ _ _ _ _ _ _ _ _ 

self = PosixPath('<tmp>/test_every_shipped_ale_manifes0/lootpet/env/dist/etc/modules/lua_scripts/LootPet.lua/LootPet.lua')
target = PosixPath('<tmp>/test_every_shipped_ale_manifes0/lootpet/env/dist/etc/modules/lua_scripts/LootPet.lua/LootPet2.lua')

    def replace(self, target):
        """
        Rename this path to the target path, overwriting if that path exists.
    
        The target path may be absolute or relative. Relative paths are
        interpreted relative to the current working directory, *not* the
        directory of the Path object.
    
        Returns the new Path instance pointing to the target path.
        """
>       os.replace(self, target)
E       NotADirectoryError: [Errno 20] Not a directory: '<tmp>/test_every_shipped_ale_manifes0/lootpet/env/dist/etc/modules/lua_scripts/LootPet.lua/LootPet.lua' -> '<tmp>/test_every_shipped_ale_manifes0/lootpet/env/dist/etc/modules/lua_scripts/LootPet.lua/LootPet2.lua'

../../.local/share/uv/python/cpython-3.13.15-linux-x86_64-gnu/lib/python3.13/pathlib/_local.py:780: NotADirectoryError
=========================== short test summary info ============================
FAILED tests/test_apply.py::test_every_shipped_ale_manifest_deploys_and_undeploys_for_real
1 failed in 0.26s
