yt: Python 3.13.15 in /home/perzi/wt-t59/pylauncher
F                                                                        [100%]
=================================== FAILURES ===================================
____ test_an_empty_leftover_directory_does_not_block_a_conflicting_install _____

tmp_path = PosixPath('<tmp>/test_an_empty_leftover_directo0')

    def test_an_empty_leftover_directory_does_not_block_a_conflicting_install(tmp_path: Path) -> None:
        """An empty folder is not an installed module (T53 review).
    
        `clone_names()` answers with every non-hidden directory name: no `.git`
        required, no claim, no content. `_conflict_refusal()` read that as
        "installed", so an abandoned or empty `modules/mod-ah-bot` -- left by a
        failed install, or made by hand -- permanently blocked `mod-ah-bot-plus`
        with a refusal naming a module that is not really there. Searching every
        family's folder multiplied the exposure.
    
        `_require_own_clone()` already draws this line for the destructive paths:
        a directory with no `.git` is "refused if it holds anything, allowed if it
        is an empty folder somebody made -- there is nothing there to lose". The
        same rule belongs here.
    
        Deliberately NOT narrowed to git checkouts or to app-owned claims: a module
        copied in from a folder is a real install with neither, and refusing to see
        it would trade a false refusal for a false pass on the case that actually
        breaks the linker.
        """
        git = _FakeGit({"README.md": "upstream\n"})
        applier = Applier(tmp_path, git=git, remote_url=_Origins(OWNED_URL))
        # The leftover: a directory with the conflicting id and nothing in it.
        (tmp_path / "modules" / "mod-ah-bot").mkdir(parents=True)
    
        plus = parse_manifest({**OWNED_ITEM, "id": "mod-ah-bot-plus", "conflicts_with": ["mod-ah-bot"]})
>       report = applier.install(plus)
                 ^^^^^^^^^^^^^^^^^^^^^

tests/test_apply.py:3802: 
_ _ _ _ _ _ _ _ _ _ _ _ _ _ _ _ _ _ _ _ _ _ _ _ _ _ _ _ _ _ _ _ _ _ _ _ _ _ _ _ 

self = <yulon.apply.Applier object at 0x792b0f1a3230>
manifest = Manifest(schema_version=1, id='mod-ah-bot-plus', name='AH Bot', type='module', game='wow-wotlk', description='', sourc..._with=('mod-ah-bot',), sql=(), conf=(), deploy=(), patches=(), client=(), server_dbc=(), npcs=(), prompts=(), notes=())
values = None, folder = None, complete = None

    def install(
        self,
        manifest: Manifest,
        values: Mapping[str, str] | None = None,
        *,
        folder: FolderSource | None = None,
        complete: Completer | None = None,
    ) -> ApplyReport:
        """Clone or copy, deploy, patch, run install-time SQL, activate conf, copy client/DBC.
    
        `folder` is the second way to fill `modules/<id>`: the bytes come from a
        directory on the user's own disk through `FolderSource.copier` instead
        of from a repository through `Git.clone`. It is the ONLY thing that
        changes — the claim, `include.sh` and every step after them are the
        same statements, over whatever is now at the clone path. A manifest that
        also carries a `source` is a caller contradiction and is refused before
        either route runs.
    
        `complete` finishes a DERIVED manifest from the content that has just
        landed; see `Completer`. It runs after the clone or the copy, and
        everything from `_deploy()` onwards reads what it returned.
    
        `_check_values()` is NOT re-run against the completed manifest: it is
        the caller's answers that are being checked, and the fields a completer
        fills (conf files to activate, SQL to report) carry no prompts to
        answer. Named here because it is the one step the completed manifest
        does not reach.
        """
        vals = self._values(manifest, values)
        log = _Log()
        self._check_values(manifest, "install", vals, log)
        clash = self._conflict_refusal(manifest)
        if clash:
>           raise ApplyError(clash)
E           yulon.apply.ApplyError: mod-ah-bot-plus and mod-ah-bot cannot both be installed: they are alternatives to each other, and the catalog records the conflict. mod-ah-bot is already here, at modules/mod-ah-bot. Remove it first, or keep it and leave mod-ah-bot-plus out. Nothing was changed.

yulon/apply.py:1190: ApplyError
----------------------------- Captured stderr call -----------------------------
2026-09-14 01:21:03 INFO [yulon.docker] could not list <tmp>/test_an_empty_leftover_directo0/ale_scripts, so nothing there is marked installed: [Errno 2] No such file or directory: '<tmp>/test_an_empty_leftover_directo0/ale_scripts'
2026-09-14 01:21:03 INFO [yulon.docker] could not list <tmp>/test_an_empty_leftover_directo0/ale_scripts, so nothing there is marked installed: [Errno 2] No such file or directory: '<tmp>/test_an_empty_leftover_directo0/ale_scripts'
2026-09-14 01:21:03 INFO [yulon.docker] could not list <tmp>/test_an_empty_leftover_directo0/sql_scripts/clones, so nothing there is marked installed: [Errno 2] No such file or directory: '<tmp>/test_an_empty_leftover_directo0/sql_scripts/clones'
------------------------------ Captured log call -------------------------------
INFO     yulon.docker:docker.py:1904 could not list <tmp>/test_an_empty_leftover_directo0/ale_scripts, so nothing there is marked installed: [Errno 2] No such file or directory: '<tmp>/test_an_empty_leftover_directo0/ale_scripts'
INFO     yulon.docker:docker.py:1904 could not list <tmp>/test_an_empty_leftover_directo0/ale_scripts, so nothing there is marked installed: [Errno 2] No such file or directory: '<tmp>/test_an_empty_leftover_directo0/ale_scripts'
INFO     yulon.docker:docker.py:1904 could not list <tmp>/test_an_empty_leftover_directo0/sql_scripts/clones, so nothing there is marked installed: [Errno 2] No such file or directory: '<tmp>/test_an_empty_leftover_directo0/sql_scripts/clones'
=========================== short test summary info ============================
FAILED tests/test_apply.py::test_an_empty_leftover_directory_does_not_block_a_conflicting_install
1 failed in 0.25s
