yt: Python 3.13.15 in /home/perzi/wt-t59/pylauncher
F                                                                        [100%]
=================================== FAILURES ===================================
_______ test_a_hand_copied_module_with_no_git_still_blocks_its_conflict ________

tmp_path = PosixPath('<tmp>/test_a_hand_copied_module_with0')

    def test_a_hand_copied_module_with_no_git_still_blocks_its_conflict(tmp_path: Path) -> None:
        """Content is the test, not `.git`: a copied module is a real install.
    
        The pairing for the test above. A module installed from a folder has no
        `.git` and no claim, and it is exactly as present to the linker as a clone
        is -- so it must still block the alternative it conflicts with.
        """
        git = _FakeGit({"README.md": "upstream\n"})
        applier = Applier(tmp_path, git=git, remote_url=_Origins(OWNED_URL))
        here = tmp_path / "modules" / "mod-ah-bot"
        here.mkdir(parents=True)
        (here / "AuctionHouseBot.cpp").write_text("// real\n", encoding="utf-8")
    
        plus = parse_manifest({**OWNED_ITEM, "id": "mod-ah-bot-plus", "conflicts_with": ["mod-ah-bot"]})
>       with pytest.raises(ApplyError, match="mod-ah-bot"):
             ^^^^^^^^^^^^^^^^^^^^^^^^^^^^^^^^^^^^^^^^^^^^^
E       Failed: DID NOT RAISE ApplyError

tests/test_apply.py:3821: Failed
----------------------------- Captured stderr call -----------------------------
2026-09-14 01:21:04 INFO [yulon.docker] could not list <tmp>/test_a_hand_copied_module_with0/ale_scripts, so nothing there is marked installed: [Errno 2] No such file or directory: '<tmp>/test_a_hand_copied_module_with0/ale_scripts'
2026-09-14 01:21:04 INFO [yulon.docker] could not list <tmp>/test_a_hand_copied_module_with0/ale_scripts, so nothing there is marked installed: [Errno 2] No such file or directory: '<tmp>/test_a_hand_copied_module_with0/ale_scripts'
2026-09-14 01:21:04 INFO [yulon.docker] could not list <tmp>/test_a_hand_copied_module_with0/sql_scripts/clones, so nothing there is marked installed: [Errno 2] No such file or directory: '<tmp>/test_a_hand_copied_module_with0/sql_scripts/clones'
2026-09-14 01:21:04 INFO [yulon.apply] install mod-ah-bot-plus: 2 step(s), 0 skipped, 0 left unapplied, rebuild=False
------------------------------ Captured log call -------------------------------
INFO     yulon.docker:docker.py:1904 could not list <tmp>/test_a_hand_copied_module_with0/ale_scripts, so nothing there is marked installed: [Errno 2] No such file or directory: '<tmp>/test_a_hand_copied_module_with0/ale_scripts'
INFO     yulon.docker:docker.py:1904 could not list <tmp>/test_a_hand_copied_module_with0/ale_scripts, so nothing there is marked installed: [Errno 2] No such file or directory: '<tmp>/test_a_hand_copied_module_with0/ale_scripts'
INFO     yulon.docker:docker.py:1904 could not list <tmp>/test_a_hand_copied_module_with0/sql_scripts/clones, so nothing there is marked installed: [Errno 2] No such file or directory: '<tmp>/test_a_hand_copied_module_with0/sql_scripts/clones'
INFO     yulon.apply:apply.py:2443 install mod-ah-bot-plus: 2 step(s), 0 skipped, 0 left unapplied, rebuild=False
=========================== short test summary info ============================
FAILED tests/test_apply.py::test_a_hand_copied_module_with_no_git_still_blocks_its_conflict
1 failed in 0.24s
