yt: Python 3.13.15 in /home/perzi/wt-t59/pylauncher
F                                                                        [100%]
=================================== FAILURES ===================================
________ test_every_shipped_ale_manifest_deploys_and_undeploys_for_real ________

tmp_path = PosixPath('<tmp>/test_every_shipped_ale_manifes0')

    def test_every_shipped_ale_manifest_deploys_and_undeploys_for_real(tmp_path: Path) -> None:
        """The catalog's own deploy steps, driven rather than read (T59).
    
        A manifest with a single-file `src` and a `rename` was merged (#160) and
        every Loot Pet install failed with `NotADirectoryError` -- after copying, so
        the script was left in `lua_scripts/` under its old name. Nothing caught it: the rename test uses a DIRECTORY src, which is the shape
        that works, and no test had ever driven a SHIPPED manifest through
        `install()`.
    
        This walks the real `manifests/wow-wotlk/ale/` entries with a fake clone
        holding exactly the files each one says it deploys, and asserts the deploy
        lands and the remove takes it away. It is a catalog test, not a unit test:
        the manifests are data, and data that cannot be applied is a broken build.
        """
        ale = Path(__file__).resolve().parents[1] / "manifests" / "wow-wotlk" / "ale"
        checked = 0
        for path in sorted(ale.glob("*.json")):
            raw = json.loads(path.read_text(encoding="utf-8"))
            steps = raw.get("deploy") or []
            if not steps or any(s["src"].endswith("/") for s in steps):
                continue  # directory deploys need a tree; this test is the file case
            manifest = parse_manifest(raw)  # as shipped: its own type, repo and pin
            assert manifest.source is not None, f"{raw['id']}: an ALE script with no repository"
            server = tmp_path / raw["id"]
            applier = Applier(
                server,
                git=_FakeGit({s["src"]: f"-- {s['src']}\n" for s in steps}),
                remote_url=_Origins(manifest.source.url),
            )
            applier.install(manifest)
            landed = [
                (
                    server / s["dest"] / Path(s["src"]).name
                    if s["dest"].endswith("/")
                    else server / s["dest"]
                )
                for s in steps
            ]
            for target in landed:
                assert target.is_file(), f"{raw['id']}: {target} was not deployed"
            applier.remove(manifest)
            for target in landed:
>               assert not target.exists(), f"{raw['id']}: {target} survived remove"
E               AssertionError: lootpet: <tmp>/test_every_shipped_ale_manifes0/lootpet/env/dist/etc/modules/lua_scripts/LootPet.lua survived remove
E               assert not True
E                +  where True = exists()
E                +    where exists = PosixPath('<tmp>/test_every_shipped_ale_manifes0/lootpet/env/dist/etc/modules/lua_scripts/LootPet.lua').exists

tests/test_apply.py:3867: AssertionError
----------------------------- Captured stderr call -----------------------------
2026-09-14 01:21:04 INFO [yulon.apply] install lootpet: 2 step(s), 0 skipped, 0 left unapplied, rebuild=False
2026-09-14 01:21:04 INFO [yulon.apply] remove lootpet: 1 step(s), 0 skipped, 0 left unapplied, rebuild=False
------------------------------ Captured log call -------------------------------
INFO     yulon.apply:apply.py:2443 install lootpet: 2 step(s), 0 skipped, 0 left unapplied, rebuild=False
INFO     yulon.apply:apply.py:2443 remove lootpet: 1 step(s), 0 skipped, 0 left unapplied, rebuild=False
=========================== short test summary info ============================
FAILED tests/test_apply.py::test_every_shipped_ale_manifest_deploys_and_undeploys_for_real
1 failed in 0.24s
