yt: Python 3.13.15 in /home/perzi/wt-t49/pylauncher
[1m============================= test session starts ==============================[0m
platform linux -- Python 3.13.15, pytest-9.1.1, pluggy-1.6.0
rootdir: /home/perzi/wt-t49/pylauncher
configfile: pyproject.toml
[1mcollecting ... [0m[1mcollected 138 items / 136 deselected / 2 selected                              [0m

tests/test_apply.py [31mF[0m[32m.[0m[31m                                                   [100%][0m

=================================== FAILURES ===================================
[31m[1m_________ test_remove_deletes_a_clone_whose_git_objects_are_read_only __________[0m

path = PosixPath('/tmp/pytest-of-perzi/pytest-862/test_remove_deletes_a_clone_wh0/modules/mod-ah-bot')

    [0m[94mdef[39;49;00m[90m [39;49;00m[92mremove_tree[39;49;00m(path: Path) -> [94mNone[39;49;00m:[90m[39;49;00m
    [90m    [39;49;00m[33m"""Delete a directory tree, or raise. Never silently partial.[39;49;00m
    [33m[39;49;00m
    [33m    The plain `shutil.rmtree` first, because on Linux that is the whole story[39;49;00m
    [33m    and a pre-emptive `chmod` pass over an AzerothCore checkout is a walk of[39;49;00m
    [33m    every inode in a 1.3 GB `.git` for nothing.[39;49;00m
    [33m[39;49;00m
    [33m    The retry is for Windows, where git writes packs and loose objects[39;49;00m
    [33m    read-only: `shutil.rmtree` stops on the first of them and leaves a[39;49;00m
    [33m    half-deleted checkout, which is worse than an undeleted one. `rmtree` is not[39;49;00m
    [33m    atomic, so by the time it reaches a pack it has already removed an unknown[39;49;00m
    [33m    part of the tree. `_clear_read_only()` clears the bit and the delete is[39;49;00m
    [33m    tried again.[39;49;00m
    [33m[39;49;00m
    [33m    And if it still cannot finish, it RAISES, because a delete that reports[39;49;00m
    [33m    success having deleted nothing is the failure this function exists to make[39;49;00m
    [33m    impossible.[39;49;00m
    [33m    """[39;49;00m[90m[39;49;00m
        [94mtry[39;49;00m:[90m[39;49;00m
>           shutil.rmtree(path)[90m[39;49;00m

[1m[31myulon/rmtree.py[0m:57: 
_ _ _ _ _ _ _ _ _ _ _ _ _ _ _ _ _ _ _ _ _ _ _ _ _ _ _ _ _ _ _ _ _ _ _ _ _ _ _ _ 
[1m[31m../../.local/share/uv/python/cpython-3.13.15-linux-x86_64-gnu/lib/python3.13/shutil.py[0m:763: in rmtree
    [0m_rmtree_safe_fd(stack, onexc)[90m[39;49;00m
[1m[31m../../.local/share/uv/python/cpython-3.13.15-linux-x86_64-gnu/lib/python3.13/shutil.py[0m:707: in _rmtree_safe_fd
    [0monexc(func, path, err)[90m[39;49;00m
[1m[31m../../.local/share/uv/python/cpython-3.13.15-linux-x86_64-gnu/lib/python3.13/shutil.py[0m:700: in _rmtree_safe_fd
    [0monexc(os.unlink, fullname, err)[90m[39;49;00m
_ _ _ _ _ _ _ _ _ _ _ _ _ _ _ _ _ _ _ _ _ _ _ _ _ _ _ _ _ _ _ _ _ _ _ _ _ _ _ _ 

stack = [], onexc = <function rmtree.<locals>.onexc at 0x7ee50211ea20>

    [0m[94mdef[39;49;00m[90m [39;49;00m[92m_rmtree_safe_fd[39;49;00m(stack, onexc):[90m[39;49;00m
        [90m# Each stack item has four elements:[39;49;00m[90m[39;49;00m
        [90m# * func: The first operation to perform: os.lstat, os.close or os.rmdir.[39;49;00m[90m[39;49;00m
        [90m#   Walking a directory starts with an os.lstat() to detect symlinks; in[39;49;00m[90m[39;49;00m
        [90m#   this case, func is updated before subsequent operations and passed to[39;49;00m[90m[39;49;00m
        [90m#   onexc() if an error occurs.[39;49;00m[90m[39;49;00m
        [90m# * dirfd: Open file descriptor, or None if we're processing the top-level[39;49;00m[90m[39;49;00m
        [90m#   directory given to rmtree() and the user didn't supply dir_fd.[39;49;00m[90m[39;49;00m
        [90m# * path: Path of file to operate upon. This is passed to onexc() if an[39;49;00m[90m[39;49;00m
        [90m#   error occurs.[39;49;00m[90m[39;49;00m
        [90m# * orig_entry: os.DirEntry, or None if we're processing the top-level[39;49;00m[90m[39;49;00m
        [90m#   directory given to rmtree(). We used the cached stat() of the entry to[39;49;00m[90m[39;49;00m
        [90m#   save a call to os.lstat() when walking subdirectories.[39;49;00m[90m[39;49;00m
        func, dirfd, path, orig_entry = stack.pop()[90m[39;49;00m
        name = path [94mif[39;49;00m orig_entry [95mis[39;49;00m [94mNone[39;49;00m [94melse[39;49;00m orig_entry.name[90m[39;49;00m
        [94mtry[39;49;00m:[90m[39;49;00m
            [94mif[39;49;00m func [95mis[39;49;00m os.close:[90m[39;49;00m
                os.close(dirfd)[90m[39;49;00m
                [94mreturn[39;49;00m[90m[39;49;00m
            [94mif[39;49;00m func [95mis[39;49;00m os.rmdir:[90m[39;49;00m
                os.rmdir(name, dir_fd=dirfd)[90m[39;49;00m
                [94mreturn[39;49;00m[90m[39;49;00m
    [90m[39;49;00m
            [90m# Note: To guard against symlink races, we use the standard[39;49;00m[90m[39;49;00m
            [90m# lstat()/open()/fstat() trick.[39;49;00m[90m[39;49;00m
            [94massert[39;49;00m func [95mis[39;49;00m os.lstat[90m[39;49;00m
            [94mif[39;49;00m orig_entry [95mis[39;49;00m [94mNone[39;49;00m:[90m[39;49;00m
                orig_st = os.lstat(name, dir_fd=dirfd)[90m[39;49;00m
            [94melse[39;49;00m:[90m[39;49;00m
                orig_st = orig_entry.stat(follow_symlinks=[94mFalse[39;49;00m)[90m[39;49;00m
    [90m[39;49;00m
            func = os.open  [90m# For error reporting.[39;49;00m[90m[39;49;00m
            topfd = os.open(name, os.O_RDONLY | os.O_NONBLOCK, dir_fd=dirfd)[90m[39;49;00m
    [90m[39;49;00m
            func = os.path.islink  [90m# For error reporting.[39;49;00m[90m[39;49;00m
            [94mtry[39;49;00m:[90m[39;49;00m
                [94mif[39;49;00m [95mnot[39;49;00m os.path.samestat(orig_st, os.fstat(topfd)):[90m[39;49;00m
                    [90m# Symlinks to directories are forbidden, see GH-46010.[39;49;00m[90m[39;49;00m
                    [94mraise[39;49;00m [96mOSError[39;49;00m([33m"[39;49;00m[33mCannot call rmtree on a symbolic link[39;49;00m[33m"[39;49;00m)[90m[39;49;00m
                stack.append((os.rmdir, dirfd, path, orig_entry))[90m[39;49;00m
            [94mfinally[39;49;00m:[90m[39;49;00m
                stack.append((os.close, topfd, path, orig_entry))[90m[39;49;00m
    [90m[39;49;00m
            func = os.scandir  [90m# For error reporting.[39;49;00m[90m[39;49;00m
            [94mwith[39;49;00m os.scandir(topfd) [94mas[39;49;00m scandir_it:[90m[39;49;00m
                entries = [96mlist[39;49;00m(scandir_it)[90m[39;49;00m
            [94mfor[39;49;00m entry [95min[39;49;00m entries:[90m[39;49;00m
                fullname = os.path.join(path, entry.name)[90m[39;49;00m
                [94mtry[39;49;00m:[90m[39;49;00m
                    [94mif[39;49;00m entry.is_dir(follow_symlinks=[94mFalse[39;49;00m):[90m[39;49;00m
                        [90m# Traverse into sub-directory.[39;49;00m[90m[39;49;00m
                        stack.append((os.lstat, topfd, fullname, entry))[90m[39;49;00m
                        [94mcontinue[39;49;00m[90m[39;49;00m
                [94mexcept[39;49;00m [96mFileNotFoundError[39;49;00m:[90m[39;49;00m
                    [94mcontinue[39;49;00m[90m[39;49;00m
                [94mexcept[39;49;00m [96mOSError[39;49;00m:[90m[39;49;00m
                    [94mpass[39;49;00m[90m[39;49;00m
                [94mtry[39;49;00m:[90m[39;49;00m
>                   os.unlink(entry.name, dir_fd=topfd)[90m[39;49;00m
[1m[31mE                   PermissionError: [Errno 13] Permission denied: '/tmp/pytest-of-perzi/pytest-862/test_remove_deletes_a_clone_wh0/modules/mod-ah-bot/.git/objects/pack'[0m

[1m[31m../../.local/share/uv/python/cpython-3.13.15-linux-x86_64-gnu/lib/python3.13/shutil.py[0m:696: PermissionError

[33mDuring handling of the above exception, another exception occurred:[0m

path = PosixPath('/tmp/pytest-of-perzi/pytest-862/test_remove_deletes_a_clone_wh0/modules/mod-ah-bot')

    [0m[94mdef[39;49;00m[90m [39;49;00m[92mremove_tree[39;49;00m(path: Path) -> [94mNone[39;49;00m:[90m[39;49;00m
    [90m    [39;49;00m[33m"""Delete a directory tree, or raise. Never silently partial.[39;49;00m
    [33m[39;49;00m
    [33m    The plain `shutil.rmtree` first, because on Linux that is the whole story[39;49;00m
    [33m    and a pre-emptive `chmod` pass over an AzerothCore checkout is a walk of[39;49;00m
    [33m    every inode in a 1.3 GB `.git` for nothing.[39;49;00m
    [33m[39;49;00m
    [33m    The retry is for Windows, where git writes packs and loose objects[39;49;00m
    [33m    read-only: `shutil.rmtree` stops on the first of them and leaves a[39;49;00m
    [33m    half-deleted checkout, which is worse than an undeleted one. `rmtree` is not[39;49;00m
    [33m    atomic, so by the time it reaches a pack it has already removed an unknown[39;49;00m
    [33m    part of the tree. `_clear_read_only()` clears the bit and the delete is[39;49;00m
    [33m    tried again.[39;49;00m
    [33m[39;49;00m
    [33m    And if it still cannot finish, it RAISES, because a delete that reports[39;49;00m
    [33m    success having deleted nothing is the failure this function exists to make[39;49;00m
    [33m    impossible.[39;49;00m
    [33m    """[39;49;00m[90m[39;49;00m
        [94mtry[39;49;00m:[90m[39;49;00m
            shutil.rmtree(path)[90m[39;49;00m
        [94mexcept[39;49;00m [96mOSError[39;49;00m:[90m[39;49;00m
            logger.info([33mf[39;49;00m[33m"[39;49;00m[33m{[39;49;00mpath[33m}[39;49;00m[33m would not delete; clearing read-only flags and retrying[39;49;00m[33m"[39;49;00m)[90m[39;49;00m
            [94mpass[39;49;00m  [90m# M1: the retry no longer clears the read-only bit[39;49;00m[90m[39;49;00m
            [94mtry[39;49;00m:[90m[39;49;00m
>               shutil.rmtree(path)[90m[39;49;00m

[1m[31myulon/rmtree.py[0m:62: 
_ _ _ _ _ _ _ _ _ _ _ _ _ _ _ _ _ _ _ _ _ _ _ _ _ _ _ _ _ _ _ _ _ _ _ _ _ _ _ _ 
[1m[31m../../.local/share/uv/python/cpython-3.13.15-linux-x86_64-gnu/lib/python3.13/shutil.py[0m:763: in rmtree
    [0m_rmtree_safe_fd(stack, onexc)[90m[39;49;00m
[1m[31m../../.local/share/uv/python/cpython-3.13.15-linux-x86_64-gnu/lib/python3.13/shutil.py[0m:707: in _rmtree_safe_fd
    [0monexc(func, path, err)[90m[39;49;00m
[1m[31m../../.local/share/uv/python/cpython-3.13.15-linux-x86_64-gnu/lib/python3.13/shutil.py[0m:700: in _rmtree_safe_fd
    [0monexc(os.unlink, fullname, err)[90m[39;49;00m
_ _ _ _ _ _ _ _ _ _ _ _ _ _ _ _ _ _ _ _ _ _ _ _ _ _ _ _ _ _ _ _ _ _ _ _ _ _ _ _ 

stack = [], onexc = <function rmtree.<locals>.onexc at 0x7ee50211ec00>

    [0m[94mdef[39;49;00m[90m [39;49;00m[92m_rmtree_safe_fd[39;49;00m(stack, onexc):[90m[39;49;00m
        [90m# Each stack item has four elements:[39;49;00m[90m[39;49;00m
        [90m# * func: The first operation to perform: os.lstat, os.close or os.rmdir.[39;49;00m[90m[39;49;00m
        [90m#   Walking a directory starts with an os.lstat() to detect symlinks; in[39;49;00m[90m[39;49;00m
        [90m#   this case, func is updated before subsequent operations and passed to[39;49;00m[90m[39;49;00m
        [90m#   onexc() if an error occurs.[39;49;00m[90m[39;49;00m
        [90m# * dirfd: Open file descriptor, or None if we're processing the top-level[39;49;00m[90m[39;49;00m
        [90m#   directory given to rmtree() and the user didn't supply dir_fd.[39;49;00m[90m[39;49;00m
        [90m# * path: Path of file to operate upon. This is passed to onexc() if an[39;49;00m[90m[39;49;00m
        [90m#   error occurs.[39;49;00m[90m[39;49;00m
        [90m# * orig_entry: os.DirEntry, or None if we're processing the top-level[39;49;00m[90m[39;49;00m
        [90m#   directory given to rmtree(). We used the cached stat() of the entry to[39;49;00m[90m[39;49;00m
        [90m#   save a call to os.lstat() when walking subdirectories.[39;49;00m[90m[39;49;00m
        func, dirfd, path, orig_entry = stack.pop()[90m[39;49;00m
        name = path [94mif[39;49;00m orig_entry [95mis[39;49;00m [94mNone[39;49;00m [94melse[39;49;00m orig_entry.name[90m[39;49;00m
        [94mtry[39;49;00m:[90m[39;49;00m
            [94mif[39;49;00m func [95mis[39;49;00m os.close:[90m[39;49;00m
                os.close(dirfd)[90m[39;49;00m
                [94mreturn[39;49;00m[90m[39;49;00m
            [94mif[39;49;00m func [95mis[39;49;00m os.rmdir:[90m[39;49;00m
                os.rmdir(name, dir_fd=dirfd)[90m[39;49;00m
                [94mreturn[39;49;00m[90m[39;49;00m
    [90m[39;49;00m
            [90m# Note: To guard against symlink races, we use the standard[39;49;00m[90m[39;49;00m
            [90m# lstat()/open()/fstat() trick.[39;49;00m[90m[39;49;00m
            [94massert[39;49;00m func [95mis[39;49;00m os.lstat[90m[39;49;00m
            [94mif[39;49;00m orig_entry [95mis[39;49;00m [94mNone[39;49;00m:[90m[39;49;00m
                orig_st = os.lstat(name, dir_fd=dirfd)[90m[39;49;00m
            [94melse[39;49;00m:[90m[39;49;00m
                orig_st = orig_entry.stat(follow_symlinks=[94mFalse[39;49;00m)[90m[39;49;00m
    [90m[39;49;00m
            func = os.open  [90m# For error reporting.[39;49;00m[90m[39;49;00m
            topfd = os.open(name, os.O_RDONLY | os.O_NONBLOCK, dir_fd=dirfd)[90m[39;49;00m
    [90m[39;49;00m
            func = os.path.islink  [90m# For error reporting.[39;49;00m[90m[39;49;00m
            [94mtry[39;49;00m:[90m[39;49;00m
                [94mif[39;49;00m [95mnot[39;49;00m os.path.samestat(orig_st, os.fstat(topfd)):[90m[39;49;00m
                    [90m# Symlinks to directories are forbidden, see GH-46010.[39;49;00m[90m[39;49;00m
                    [94mraise[39;49;00m [96mOSError[39;49;00m([33m"[39;49;00m[33mCannot call rmtree on a symbolic link[39;49;00m[33m"[39;49;00m)[90m[39;49;00m
                stack.append((os.rmdir, dirfd, path, orig_entry))[90m[39;49;00m
            [94mfinally[39;49;00m:[90m[39;49;00m
                stack.append((os.close, topfd, path, orig_entry))[90m[39;49;00m
    [90m[39;49;00m
            func = os.scandir  [90m# For error reporting.[39;49;00m[90m[39;49;00m
            [94mwith[39;49;00m os.scandir(topfd) [94mas[39;49;00m scandir_it:[90m[39;49;00m
                entries = [96mlist[39;49;00m(scandir_it)[90m[39;49;00m
            [94mfor[39;49;00m entry [95min[39;49;00m entries:[90m[39;49;00m
                fullname = os.path.join(path, entry.name)[90m[39;49;00m
                [94mtry[39;49;00m:[90m[39;49;00m
                    [94mif[39;49;00m entry.is_dir(follow_symlinks=[94mFalse[39;49;00m):[90m[39;49;00m
                        [90m# Traverse into sub-directory.[39;49;00m[90m[39;49;00m
                        stack.append((os.lstat, topfd, fullname, entry))[90m[39;49;00m
                        [94mcontinue[39;49;00m[90m[39;49;00m
                [94mexcept[39;49;00m [96mFileNotFoundError[39;49;00m:[90m[39;49;00m
                    [94mcontinue[39;49;00m[90m[39;49;00m
                [94mexcept[39;49;00m [96mOSError[39;49;00m:[90m[39;49;00m
                    [94mpass[39;49;00m[90m[39;49;00m
                [94mtry[39;49;00m:[90m[39;49;00m
>                   os.unlink(entry.name, dir_fd=topfd)[90m[39;49;00m
[1m[31mE                   PermissionError: [Errno 13] Permission denied: '/tmp/pytest-of-perzi/pytest-862/test_remove_deletes_a_clone_wh0/modules/mod-ah-bot/.git/objects/pack'[0m

[1m[31m../../.local/share/uv/python/cpython-3.13.15-linux-x86_64-gnu/lib/python3.13/shutil.py[0m:696: PermissionError

[33mThe above exception was the direct cause of the following exception:[0m

tmp_path = PosixPath('/tmp/pytest-of-perzi/pytest-862/test_remove_deletes_a_clone_wh0')

    [0m[37m@pytest[39;49;00m.mark.skipif([90m[39;49;00m
        os.name == [33m"[39;49;00m[33mnt[39;49;00m[33m"[39;49;00m [95mor[39;49;00m os.geteuid() == [94m0[39;49;00m,  [90m# type: ignore[attr-defined][39;49;00m[90m[39;49;00m
        reason=([90m[39;49;00m
            [33m"[39;49;00m[33mneeds a directory whose write bit actually refuses an unlink: Windows ignores [39;49;00m[33m"[39;49;00m[90m[39;49;00m
            [33m"[39;49;00m[33mchmod on a directory and root ignores the bit. This is the POSIX shape of the [39;49;00m[33m"[39;49;00m[90m[39;49;00m
            [33m"[39;49;00m[33mWindows stop -- the Windows spelling is its own press on the gate box.[39;49;00m[33m"[39;49;00m[90m[39;49;00m
        ),[90m[39;49;00m
    )[90m[39;49;00m
    [94mdef[39;49;00m[90m [39;49;00m[92mtest_remove_deletes_a_clone_whose_git_objects_are_read_only[39;49;00m(tmp_path: Path) -> [94mNone[39;49;00m:[90m[39;49;00m
    [90m    [39;49;00m[33m"""Git writes packs read-only, and removing a module must still finish (T49).[39;49;00m
    [33m[39;49;00m
    [33m    Reported by a user on Windows, against a real install:[39;49;00m
    [33m[39;49;00m
    [33m        remove sod FAILED: [WinError 5] Access is denied:[39;49;00m
    [33m        'C:\\wow-server-playerbots\\ale_scripts\\sod\\.git\\objects\\pack\\pack-2623....idx'[39;49;00m
    [33m[39;49;00m
    [33m    `shutil.rmtree` has no handling for a read-only file, so it stopped at the[39;49;00m
    [33m    first pack in `.git` -- and because it is not atomic, it had already deleted[39;49;00m
    [33m    an unknown part of the checkout by then. The folder was left half-deleted,[39;49;00m
    [33m    and the next press started from that.[39;49;00m
    [33m[39;49;00m
    [33m    Driven through `remove()` rather than through `remove_tree()`: the helper[39;49;00m
    [33m    that survives this was already in the tree, in `purge.py`, and the defect[39;49;00m
    [33m    was that this caller did not use it. A test on the helper would have passed[39;49;00m
    [33m    throughout.[39;49;00m
    [33m    """[39;49;00m[90m[39;49;00m
        git = _FakeGit({[33m"[39;49;00m[33mREADME.md[39;49;00m[33m"[39;49;00m: [33m"[39;49;00m[33mupstream[39;49;00m[33m\n[39;49;00m[33m"[39;49;00m})[90m[39;49;00m
        applier = Applier(tmp_path, git=git, remote_url=_Origins(OWNED_URL))[90m[39;49;00m
        m = parse_manifest(OWNED_ITEM)[90m[39;49;00m
        applier.install(m)[90m[39;49;00m
        clone = applier.clone_dir(m)[90m[39;49;00m
    [90m[39;49;00m
        [90m# The shape git leaves behind: a pack file with no write bit, inside a[39;49;00m[90m[39;49;00m
        [90m# directory with no write bit. On POSIX it is the DIRECTORY's bit that[39;49;00m[90m[39;49;00m
        [90m# refuses the unlink; on Windows it is the FILE's read-only attribute.[39;49;00m[90m[39;49;00m
        objects = clone / [33m"[39;49;00m[33m.git[39;49;00m[33m"[39;49;00m / [33m"[39;49;00m[33mobjects[39;49;00m[33m"[39;49;00m / [33m"[39;49;00m[33mpack[39;49;00m[33m"[39;49;00m[90m[39;49;00m
        objects.mkdir(parents=[94mTrue[39;49;00m, exist_ok=[94mTrue[39;49;00m)[90m[39;49;00m
        pack = objects / [33m"[39;49;00m[33mpack-26232faf5a65a80928d1c7f577d0dfe92bb364d9.idx[39;49;00m[33m"[39;49;00m[90m[39;49;00m
        pack.write_text([33m"[39;49;00m[33mx[39;49;00m[33m"[39;49;00m, encoding=[33m"[39;49;00m[33mutf-8[39;49;00m[33m"[39;49;00m)[90m[39;49;00m
        pack.chmod([94m0o444[39;49;00m)[90m[39;49;00m
        objects.chmod([94m0o555[39;49;00m)[90m[39;49;00m
    [90m[39;49;00m
        [94mtry[39;49;00m:[90m[39;49;00m
>           report = applier.remove(m)[90m[39;49;00m
                     ^^^^^^^^^^^^^^^^^[90m[39;49;00m

[1m[31mtests/test_apply.py[0m:3735: 
_ _ _ _ _ _ _ _ _ _ _ _ _ _ _ _ _ _ _ _ _ _ _ _ _ _ _ _ _ _ _ _ _ _ _ _ _ _ _ _ 
[1m[31myulon/apply.py[0m:1309: in remove
    [0mrmtree.remove_tree(clone)[90m[39;49;00m
_ _ _ _ _ _ _ _ _ _ _ _ _ _ _ _ _ _ _ _ _ _ _ _ _ _ _ _ _ _ _ _ _ _ _ _ _ _ _ _ 

path = PosixPath('/tmp/pytest-of-perzi/pytest-862/test_remove_deletes_a_clone_wh0/modules/mod-ah-bot')

    [0m[94mdef[39;49;00m[90m [39;49;00m[92mremove_tree[39;49;00m(path: Path) -> [94mNone[39;49;00m:[90m[39;49;00m
    [90m    [39;49;00m[33m"""Delete a directory tree, or raise. Never silently partial.[39;49;00m
    [33m[39;49;00m
    [33m    The plain `shutil.rmtree` first, because on Linux that is the whole story[39;49;00m
    [33m    and a pre-emptive `chmod` pass over an AzerothCore checkout is a walk of[39;49;00m
    [33m    every inode in a 1.3 GB `.git` for nothing.[39;49;00m
    [33m[39;49;00m
    [33m    The retry is for Windows, where git writes packs and loose objects[39;49;00m
    [33m    read-only: `shutil.rmtree` stops on the first of them and leaves a[39;49;00m
    [33m    half-deleted checkout, which is worse than an undeleted one. `rmtree` is not[39;49;00m
    [33m    atomic, so by the time it reaches a pack it has already removed an unknown[39;49;00m
    [33m    part of the tree. `_clear_read_only()` clears the bit and the delete is[39;49;00m
    [33m    tried again.[39;49;00m
    [33m[39;49;00m
    [33m    And if it still cannot finish, it RAISES, because a delete that reports[39;49;00m
    [33m    success having deleted nothing is the failure this function exists to make[39;49;00m
    [33m    impossible.[39;49;00m
    [33m    """[39;49;00m[90m[39;49;00m
        [94mtry[39;49;00m:[90m[39;49;00m
            shutil.rmtree(path)[90m[39;49;00m
        [94mexcept[39;49;00m [96mOSError[39;49;00m:[90m[39;49;00m
            logger.info([33mf[39;49;00m[33m"[39;49;00m[33m{[39;49;00mpath[33m}[39;49;00m[33m would not delete; clearing read-only flags and retrying[39;49;00m[33m"[39;49;00m)[90m[39;49;00m
            [94mpass[39;49;00m  [90m# M1: the retry no longer clears the read-only bit[39;49;00m[90m[39;49;00m
            [94mtry[39;49;00m:[90m[39;49;00m
                shutil.rmtree(path)[90m[39;49;00m
            [94mexcept[39;49;00m [96mOSError[39;49;00m [94mas[39;49;00m exc:[90m[39;49;00m
>               [94mraise[39;49;00m TreeRemovalError(_undeletable(path, exc)) [94mfrom[39;49;00m[90m [39;49;00m[04m[96mexc[39;49;00m[90m[39;49;00m
[1m[31mE               yulon.rmtree.TreeRemovalError: /tmp/pytest-of-perzi/pytest-862/test_remove_deletes_a_clone_wh0/modules/mod-ah-bot could not be deleted ([Errno 13] Permission denied: '/tmp/pytest-of-perzi/pytest-862/test_remove_deletes_a_clone_wh0/modules/mod-ah-bot/.git/objects/pack'). On Windows this is usually a read-only file inside .git, or a program holding a file open in that folder.[0m

[1m[31myulon/rmtree.py[0m:64: TreeRemovalError
----------------------------- Captured stderr call -----------------------------
2026-09-13 09:05:53 INFO [yulon.apply] install mod-ah-bot: 2 step(s), 0 skipped, 0 left unapplied, rebuild=False
2026-09-13 09:05:53 INFO [yulon.rmtree] /tmp/pytest-of-perzi/pytest-862/test_remove_deletes_a_clone_wh0/modules/mod-ah-bot would not delete; clearing read-only flags and retrying
------------------------------ Captured log call -------------------------------
[32mINFO    [0m yulon.apply:apply.py:2265 install mod-ah-bot: 2 step(s), 0 skipped, 0 left unapplied, rebuild=False
[32mINFO    [0m yulon.rmtree:rmtree.py:59 /tmp/pytest-of-perzi/pytest-862/test_remove_deletes_a_clone_wh0/modules/mod-ah-bot would not delete; clearing read-only flags and retrying
[36m[1m=========================== short test summary info ============================[0m
[31mFAILED[0m tests/test_apply.py::[1mtest_remove_deletes_a_clone_whose_git_objects_are_read_only[0m - yulon.rmtree.TreeRemovalError: /tmp/pytest-of-perzi/pytest-862/test_remove_...
[31m================= [31m[1m1 failed[0m, [32m1 passed[0m, [33m136 deselected[0m[31m in 0.72s[0m[31m ==================[0m
