yt: Python 3.13.15 in /home/perzi/wt-t49/pylauncher
[1m============================= test session starts ==============================[0m
platform linux -- Python 3.13.15, pytest-9.1.1, pluggy-1.6.0
rootdir: /home/perzi/wt-t49/pylauncher
configfile: pyproject.toml
[1mcollecting ... [0m[1mcollected 138 items / 136 deselected / 2 selected                              [0m

tests/test_apply.py [31mF[0m[31mF[0m[31m                                                   [100%][0m

=================================== FAILURES ===================================
[31m[1m_________ test_remove_deletes_a_clone_whose_git_objects_are_read_only __________[0m

tmp_path = PosixPath('/tmp/pytest-of-perzi/pytest-863/test_remove_deletes_a_clone_wh0')

    [0m[37m@pytest[39;49;00m.mark.skipif([90m[39;49;00m
        os.name == [33m"[39;49;00m[33mnt[39;49;00m[33m"[39;49;00m [95mor[39;49;00m os.geteuid() == [94m0[39;49;00m,  [90m# type: ignore[attr-defined][39;49;00m[90m[39;49;00m
        reason=([90m[39;49;00m
            [33m"[39;49;00m[33mneeds a directory whose write bit actually refuses an unlink: Windows ignores [39;49;00m[33m"[39;49;00m[90m[39;49;00m
            [33m"[39;49;00m[33mchmod on a directory and root ignores the bit. This is the POSIX shape of the [39;49;00m[33m"[39;49;00m[90m[39;49;00m
            [33m"[39;49;00m[33mWindows stop -- the Windows spelling is its own press on the gate box.[39;49;00m[33m"[39;49;00m[90m[39;49;00m
        ),[90m[39;49;00m
    )[90m[39;49;00m
    [94mdef[39;49;00m[90m [39;49;00m[92mtest_remove_deletes_a_clone_whose_git_objects_are_read_only[39;49;00m(tmp_path: Path) -> [94mNone[39;49;00m:[90m[39;49;00m
    [90m    [39;49;00m[33m"""Git writes packs read-only, and removing a module must still finish (T49).[39;49;00m
    [33m[39;49;00m
    [33m    Reported by a user on Windows, against a real install:[39;49;00m
    [33m[39;49;00m
    [33m        remove sod FAILED: [WinError 5] Access is denied:[39;49;00m
    [33m        'C:\\wow-server-playerbots\\ale_scripts\\sod\\.git\\objects\\pack\\pack-2623....idx'[39;49;00m
    [33m[39;49;00m
    [33m    `shutil.rmtree` has no handling for a read-only file, so it stopped at the[39;49;00m
    [33m    first pack in `.git` -- and because it is not atomic, it had already deleted[39;49;00m
    [33m    an unknown part of the checkout by then. The folder was left half-deleted,[39;49;00m
    [33m    and the next press started from that.[39;49;00m
    [33m[39;49;00m
    [33m    Driven through `remove()` rather than through `remove_tree()`: the helper[39;49;00m
    [33m    that survives this was already in the tree, in `purge.py`, and the defect[39;49;00m
    [33m    was that this caller did not use it. A test on the helper would have passed[39;49;00m
    [33m    throughout.[39;49;00m
    [33m    """[39;49;00m[90m[39;49;00m
        git = _FakeGit({[33m"[39;49;00m[33mREADME.md[39;49;00m[33m"[39;49;00m: [33m"[39;49;00m[33mupstream[39;49;00m[33m\n[39;49;00m[33m"[39;49;00m})[90m[39;49;00m
        applier = Applier(tmp_path, git=git, remote_url=_Origins(OWNED_URL))[90m[39;49;00m
        m = parse_manifest(OWNED_ITEM)[90m[39;49;00m
        applier.install(m)[90m[39;49;00m
        clone = applier.clone_dir(m)[90m[39;49;00m
    [90m[39;49;00m
        [90m# The shape git leaves behind: a pack file with no write bit, inside a[39;49;00m[90m[39;49;00m
        [90m# directory with no write bit. On POSIX it is the DIRECTORY's bit that[39;49;00m[90m[39;49;00m
        [90m# refuses the unlink; on Windows it is the FILE's read-only attribute.[39;49;00m[90m[39;49;00m
        objects = clone / [33m"[39;49;00m[33m.git[39;49;00m[33m"[39;49;00m / [33m"[39;49;00m[33mobjects[39;49;00m[33m"[39;49;00m / [33m"[39;49;00m[33mpack[39;49;00m[33m"[39;49;00m[90m[39;49;00m
        objects.mkdir(parents=[94mTrue[39;49;00m, exist_ok=[94mTrue[39;49;00m)[90m[39;49;00m
        pack = objects / [33m"[39;49;00m[33mpack-26232faf5a65a80928d1c7f577d0dfe92bb364d9.idx[39;49;00m[33m"[39;49;00m[90m[39;49;00m
        pack.write_text([33m"[39;49;00m[33mx[39;49;00m[33m"[39;49;00m, encoding=[33m"[39;49;00m[33mutf-8[39;49;00m[33m"[39;49;00m)[90m[39;49;00m
        pack.chmod([94m0o444[39;49;00m)[90m[39;49;00m
        objects.chmod([94m0o555[39;49;00m)[90m[39;49;00m
    [90m[39;49;00m
        [94mtry[39;49;00m:[90m[39;49;00m
>           report = applier.remove(m)[90m[39;49;00m
                     ^^^^^^^^^^^^^^^^^[90m[39;49;00m

[1m[31mtests/test_apply.py[0m:3735: 
_ _ _ _ _ _ _ _ _ _ _ _ _ _ _ _ _ _ _ _ _ _ _ _ _ _ _ _ _ _ _ _ _ _ _ _ _ _ _ _ 
[1m[31myulon/apply.py[0m:1309: in remove
    [0mshutil.rmtree(clone)  [90m# M2: the T49 defect put back[39;49;00m[90m[39;49;00m
    ^^^^^^^^^^^^^^^^^^^^[90m[39;49;00m
[1m[31m../../.local/share/uv/python/cpython-3.13.15-linux-x86_64-gnu/lib/python3.13/shutil.py[0m:763: in rmtree
    [0m_rmtree_safe_fd(stack, onexc)[90m[39;49;00m
[1m[31m../../.local/share/uv/python/cpython-3.13.15-linux-x86_64-gnu/lib/python3.13/shutil.py[0m:707: in _rmtree_safe_fd
    [0monexc(func, path, err)[90m[39;49;00m
[1m[31m../../.local/share/uv/python/cpython-3.13.15-linux-x86_64-gnu/lib/python3.13/shutil.py[0m:700: in _rmtree_safe_fd
    [0monexc(os.unlink, fullname, err)[90m[39;49;00m
_ _ _ _ _ _ _ _ _ _ _ _ _ _ _ _ _ _ _ _ _ _ _ _ _ _ _ _ _ _ _ _ _ _ _ _ _ _ _ _ 

stack = [], onexc = <function rmtree.<locals>.onexc at 0x7cdb861a2a20>

    [0m[94mdef[39;49;00m[90m [39;49;00m[92m_rmtree_safe_fd[39;49;00m(stack, onexc):[90m[39;49;00m
        [90m# Each stack item has four elements:[39;49;00m[90m[39;49;00m
        [90m# * func: The first operation to perform: os.lstat, os.close or os.rmdir.[39;49;00m[90m[39;49;00m
        [90m#   Walking a directory starts with an os.lstat() to detect symlinks; in[39;49;00m[90m[39;49;00m
        [90m#   this case, func is updated before subsequent operations and passed to[39;49;00m[90m[39;49;00m
        [90m#   onexc() if an error occurs.[39;49;00m[90m[39;49;00m
        [90m# * dirfd: Open file descriptor, or None if we're processing the top-level[39;49;00m[90m[39;49;00m
        [90m#   directory given to rmtree() and the user didn't supply dir_fd.[39;49;00m[90m[39;49;00m
        [90m# * path: Path of file to operate upon. This is passed to onexc() if an[39;49;00m[90m[39;49;00m
        [90m#   error occurs.[39;49;00m[90m[39;49;00m
        [90m# * orig_entry: os.DirEntry, or None if we're processing the top-level[39;49;00m[90m[39;49;00m
        [90m#   directory given to rmtree(). We used the cached stat() of the entry to[39;49;00m[90m[39;49;00m
        [90m#   save a call to os.lstat() when walking subdirectories.[39;49;00m[90m[39;49;00m
        func, dirfd, path, orig_entry = stack.pop()[90m[39;49;00m
        name = path [94mif[39;49;00m orig_entry [95mis[39;49;00m [94mNone[39;49;00m [94melse[39;49;00m orig_entry.name[90m[39;49;00m
        [94mtry[39;49;00m:[90m[39;49;00m
            [94mif[39;49;00m func [95mis[39;49;00m os.close:[90m[39;49;00m
                os.close(dirfd)[90m[39;49;00m
                [94mreturn[39;49;00m[90m[39;49;00m
            [94mif[39;49;00m func [95mis[39;49;00m os.rmdir:[90m[39;49;00m
                os.rmdir(name, dir_fd=dirfd)[90m[39;49;00m
                [94mreturn[39;49;00m[90m[39;49;00m
    [90m[39;49;00m
            [90m# Note: To guard against symlink races, we use the standard[39;49;00m[90m[39;49;00m
            [90m# lstat()/open()/fstat() trick.[39;49;00m[90m[39;49;00m
            [94massert[39;49;00m func [95mis[39;49;00m os.lstat[90m[39;49;00m
            [94mif[39;49;00m orig_entry [95mis[39;49;00m [94mNone[39;49;00m:[90m[39;49;00m
                orig_st = os.lstat(name, dir_fd=dirfd)[90m[39;49;00m
            [94melse[39;49;00m:[90m[39;49;00m
                orig_st = orig_entry.stat(follow_symlinks=[94mFalse[39;49;00m)[90m[39;49;00m
    [90m[39;49;00m
            func = os.open  [90m# For error reporting.[39;49;00m[90m[39;49;00m
            topfd = os.open(name, os.O_RDONLY | os.O_NONBLOCK, dir_fd=dirfd)[90m[39;49;00m
    [90m[39;49;00m
            func = os.path.islink  [90m# For error reporting.[39;49;00m[90m[39;49;00m
            [94mtry[39;49;00m:[90m[39;49;00m
                [94mif[39;49;00m [95mnot[39;49;00m os.path.samestat(orig_st, os.fstat(topfd)):[90m[39;49;00m
                    [90m# Symlinks to directories are forbidden, see GH-46010.[39;49;00m[90m[39;49;00m
                    [94mraise[39;49;00m [96mOSError[39;49;00m([33m"[39;49;00m[33mCannot call rmtree on a symbolic link[39;49;00m[33m"[39;49;00m)[90m[39;49;00m
                stack.append((os.rmdir, dirfd, path, orig_entry))[90m[39;49;00m
            [94mfinally[39;49;00m:[90m[39;49;00m
                stack.append((os.close, topfd, path, orig_entry))[90m[39;49;00m
    [90m[39;49;00m
            func = os.scandir  [90m# For error reporting.[39;49;00m[90m[39;49;00m
            [94mwith[39;49;00m os.scandir(topfd) [94mas[39;49;00m scandir_it:[90m[39;49;00m
                entries = [96mlist[39;49;00m(scandir_it)[90m[39;49;00m
            [94mfor[39;49;00m entry [95min[39;49;00m entries:[90m[39;49;00m
                fullname = os.path.join(path, entry.name)[90m[39;49;00m
                [94mtry[39;49;00m:[90m[39;49;00m
                    [94mif[39;49;00m entry.is_dir(follow_symlinks=[94mFalse[39;49;00m):[90m[39;49;00m
                        [90m# Traverse into sub-directory.[39;49;00m[90m[39;49;00m
                        stack.append((os.lstat, topfd, fullname, entry))[90m[39;49;00m
                        [94mcontinue[39;49;00m[90m[39;49;00m
                [94mexcept[39;49;00m [96mFileNotFoundError[39;49;00m:[90m[39;49;00m
                    [94mcontinue[39;49;00m[90m[39;49;00m
                [94mexcept[39;49;00m [96mOSError[39;49;00m:[90m[39;49;00m
                    [94mpass[39;49;00m[90m[39;49;00m
                [94mtry[39;49;00m:[90m[39;49;00m
>                   os.unlink(entry.name, dir_fd=topfd)[90m[39;49;00m
[1m[31mE                   PermissionError: [Errno 13] Permission denied: '/tmp/pytest-of-perzi/pytest-863/test_remove_deletes_a_clone_wh0/modules/mod-ah-bot/.git/objects/pack'[0m

[1m[31m../../.local/share/uv/python/cpython-3.13.15-linux-x86_64-gnu/lib/python3.13/shutil.py[0m:696: PermissionError
----------------------------- Captured stderr call -----------------------------
2026-09-13 09:05:54 INFO [yulon.apply] install mod-ah-bot: 2 step(s), 0 skipped, 0 left unapplied, rebuild=False
------------------------------ Captured log call -------------------------------
[32mINFO    [0m yulon.apply:apply.py:2265 install mod-ah-bot: 2 step(s), 0 skipped, 0 left unapplied, rebuild=False
[31m[1m__________ test_no_module_outside_rmtree_calls_shutil_rmtree_directly __________[0m

    [0m[94mdef[39;49;00m[90m [39;49;00m[92mtest_no_module_outside_rmtree_calls_shutil_rmtree_directly[39;49;00m() -> [94mNone[39;49;00m:[90m[39;49;00m
    [90m    [39;49;00m[33m"""`shutil.rmtree` is spelled once: in the module that knows what to do when it stops.[39;49;00m
    [33m[39;49;00m
    [33m    The T49 defect was not that the retry was missing. It was written, in[39;49;00m
    [33m    `purge.py`, with a docstring naming this exact Windows failure. It was that[39;49;00m
    [33m    four other delete sites did not use it, nothing said so, and a user found[39;49;00m
    [33m    the fifth:[39;49;00m
    [33m[39;49;00m
    [33m        remove sod FAILED: [WinError 5] Access is denied:[39;49;00m
    [33m        '...\\ale_scripts\\sod\\.git\\objects\\pack\\pack-2623....idx'[39;49;00m
    [33m[39;49;00m
    [33m    So the guard is the enumeration rather than another per-site test: a sixth[39;49;00m
    [33m    caller added next year fails here instead of on someone's machine.[39;49;00m
    [33m[39;49;00m
    [33m    Read by AST, because the same call spells itself `shutil.rmtree(p)` and[39;49;00m
    [33m    `rmtree(p)` after a `from shutil import rmtree`, and a string search over the[39;49;00m
    [33m    source finds one of the two.[39;49;00m
    [33m    """[39;49;00m[90m[39;49;00m
        [90m# Not every tree is a checkout. These three delete a staging or extraction[39;49;00m[90m[39;49;00m
        [90m# directory this app just created itself, which cannot hold a `.git` and so[39;49;00m[90m[39;49;00m
        [90m# cannot hit a read-only pack -- and the first of them passes[39;49;00m[90m[39;49;00m
        [90m# `ignore_errors=True`, which `remove_tree()` deliberately does not have.[39;49;00m[90m[39;49;00m
        [90m# Listed one by one, with the reason, rather than matched by a path prefix:[39;49;00m[90m[39;49;00m
        [90m# a fourth arrival in one of these files should have to say why.[39;49;00m[90m[39;49;00m
        ALLOWED = {[90m[39;49;00m
            [33m"[39;49;00m[33mcatalog/families/conf.py[39;49;00m[33m"[39;49;00m: [33m"[39;49;00m[33mthe conf staging dir this function just made[39;49;00m[33m"[39;49;00m,[90m[39;49;00m
            [33m"[39;49;00m[33mcatalog/families/extract.py[39;49;00m[33m"[39;49;00m: [33m"[39;49;00m[33mthe extraction output dir, rebuilt every run[39;49;00m[33m"[39;49;00m,[90m[39;49;00m
        }[90m[39;49;00m
        package = Path(apply_module.[91m__file__[39;49;00m [95mor[39;49;00m [33m"[39;49;00m[33m"[39;49;00m).parent[90m[39;49;00m
        offenders: [96mlist[39;49;00m[[96mstr[39;49;00m] = [][90m[39;49;00m
        [94mfor[39;49;00m path [95min[39;49;00m [96msorted[39;49;00m(package.rglob([33m"[39;49;00m[33m*.py[39;49;00m[33m"[39;49;00m)):[90m[39;49;00m
            [94mif[39;49;00m path.name == [33m"[39;49;00m[33mrmtree.py[39;49;00m[33m"[39;49;00m:[90m[39;49;00m
                [94mcontinue[39;49;00m  [90m# the one module allowed to call it: it IS the retry[39;49;00m[90m[39;49;00m
            [94mif[39;49;00m path.relative_to(package).as_posix() [95min[39;49;00m ALLOWED:[90m[39;49;00m
                [94mcontinue[39;49;00m[90m[39;49;00m
            tree = ast.parse(path.read_text(encoding=[33m"[39;49;00m[33mutf-8[39;49;00m[33m"[39;49;00m))[90m[39;49;00m
            bare = {[90m[39;49;00m
                alias.asname [95mor[39;49;00m alias.name[90m[39;49;00m
                [94mfor[39;49;00m node [95min[39;49;00m ast.walk(tree)[90m[39;49;00m
                [94mif[39;49;00m [96misinstance[39;49;00m(node, ast.ImportFrom) [95mand[39;49;00m node.module == [33m"[39;49;00m[33mshutil[39;49;00m[33m"[39;49;00m[90m[39;49;00m
                [94mfor[39;49;00m alias [95min[39;49;00m node.names[90m[39;49;00m
                [94mif[39;49;00m alias.name == [33m"[39;49;00m[33mrmtree[39;49;00m[33m"[39;49;00m[90m[39;49;00m
            }[90m[39;49;00m
            [94mfor[39;49;00m node [95min[39;49;00m ast.walk(tree):[90m[39;49;00m
                [94mif[39;49;00m [95mnot[39;49;00m [96misinstance[39;49;00m(node, ast.Call):[90m[39;49;00m
                    [94mcontinue[39;49;00m[90m[39;49;00m
                func = node.func[90m[39;49;00m
                [94mif[39;49;00m ([96misinstance[39;49;00m(func, ast.Attribute) [95mand[39;49;00m func.attr == [33m"[39;49;00m[33mrmtree[39;49;00m[33m"[39;49;00m) [95mor[39;49;00m ([90m[39;49;00m
                    [96misinstance[39;49;00m(func, ast.Name) [95mand[39;49;00m func.id [95min[39;49;00m bare[90m[39;49;00m
                ):[90m[39;49;00m
                    offenders.append([33mf[39;49;00m[33m"[39;49;00m[33m{[39;49;00mpath.relative_to(package)[33m}[39;49;00m[33m:[39;49;00m[33m{[39;49;00mnode.lineno[33m}[39;49;00m[33m"[39;49;00m)[90m[39;49;00m
>       [94massert[39;49;00m offenders == [], ([90m[39;49;00m
            [33m"[39;49;00m[33mthese call shutil.rmtree directly instead of yulon.rmtree.remove_tree(), which is [39;49;00m[33m"[39;49;00m[90m[39;49;00m
            [33m"[39;49;00m[33mthe T49 defect returning — git leaves read-only packs on Windows and a bare rmtree [39;49;00m[33m"[39;49;00m[90m[39;49;00m
            [33m"[39;49;00m[33mstops at the first one, having already half-deleted the tree: [39;49;00m[33m"[39;49;00m + [33m"[39;49;00m[33m, [39;49;00m[33m"[39;49;00m.join(offenders)[90m[39;49;00m
        )[90m[39;49;00m
[1m[31mE       AssertionError: these call shutil.rmtree directly instead of yulon.rmtree.remove_tree(), which is the T49 defect returning — git leaves read-only packs on Windows and a bare rmtree stops at the first one, having already half-deleted the tree: apply.py:1309[0m
[1m[31mE       assert ['apply.py:1309'] == [][0m
[1m[31mE         [0m
[1m[31mE         Left contains one more item: [0m[33m'[39;49;00m[33mapply.py:1309[39;49;00m[33m'[39;49;00m[90m[39;49;00m[0m
[1m[31mE         Use -v to get more diff[0m

[1m[31mtests/test_apply.py[0m:3795: AssertionError
[36m[1m=========================== short test summary info ============================[0m
[31mFAILED[0m tests/test_apply.py::[1mtest_remove_deletes_a_clone_whose_git_objects_are_read_only[0m - PermissionError: [Errno 13] Permission denied: '/tmp/pytest-of-perzi/pytest...
[31mFAILED[0m tests/test_apply.py::[1mtest_no_module_outside_rmtree_calls_shutil_rmtree_directly[0m - AssertionError: these call shutil.rmtree directly instead of yulon.rmtree.r...
[31m====================== [31m[1m2 failed[0m, [33m136 deselected[0m[31m in 0.72s[0m[31m =======================[0m
